Archive member included to satisfy reference by file (symbol)

/usr/lib/gcc/arm-none-eabi/7.3.1/../../../arm-none-eabi/lib/thumb/v6-m/libstdc++.a(functexcept.o)
                              CMakeFiles/pico8system.dir/home/andreas/picosystem/libraries/text.cpp.obj (std::__throw_logic_error(char const*))
/usr/lib/gcc/arm-none-eabi/7.3.1/../../../arm-none-eabi/lib/thumb/v6-m/libstdc++.a(bad_alloc.o)
                              /usr/lib/gcc/arm-none-eabi/7.3.1/../../../arm-none-eabi/lib/thumb/v6-m/libstdc++.a(functexcept.o) (std::bad_alloc::~bad_alloc())
/usr/lib/gcc/arm-none-eabi/7.3.1/../../../arm-none-eabi/lib/thumb/v6-m/libstdc++.a(eh_arm.o)
                              /usr/lib/gcc/arm-none-eabi/7.3.1/../../../arm-none-eabi/lib/thumb/v6-m/libstdc++.a(functexcept.o) (__cxa_end_cleanup)
/usr/lib/gcc/arm-none-eabi/7.3.1/../../../arm-none-eabi/lib/thumb/v6-m/libstdc++.a(eh_throw.o)
                              /usr/lib/gcc/arm-none-eabi/7.3.1/../../../arm-none-eabi/lib/thumb/v6-m/libstdc++.a(functexcept.o) (__cxa_throw)
/usr/lib/gcc/arm-none-eabi/7.3.1/../../../arm-none-eabi/lib/thumb/v6-m/libstdc++.a(eh_terminate.o)
                              /usr/lib/gcc/arm-none-eabi/7.3.1/../../../arm-none-eabi/lib/thumb/v6-m/libstdc++.a(eh_throw.o) (__cxxabiv1::__terminate(void (*)()))
/usr/lib/gcc/arm-none-eabi/7.3.1/../../../arm-none-eabi/lib/thumb/v6-m/libstdc++.a(eh_alloc.o)
                              /usr/lib/gcc/arm-none-eabi/7.3.1/../../../arm-none-eabi/lib/thumb/v6-m/libstdc++.a(functexcept.o) (__cxa_allocate_exception)
/usr/lib/gcc/arm-none-eabi/7.3.1/../../../arm-none-eabi/lib/thumb/v6-m/libstdc++.a(eh_personality.o)
                              /usr/lib/gcc/arm-none-eabi/7.3.1/../../../arm-none-eabi/lib/thumb/v6-m/libstdc++.a(functexcept.o) (__gxx_personality_v0)
/usr/lib/gcc/arm-none-eabi/7.3.1/../../../arm-none-eabi/lib/thumb/v6-m/libstdc++.a(bad_typeid.o)
                              /usr/lib/gcc/arm-none-eabi/7.3.1/../../../arm-none-eabi/lib/thumb/v6-m/libstdc++.a(functexcept.o) (std::bad_typeid::~bad_typeid())
/usr/lib/gcc/arm-none-eabi/7.3.1/../../../arm-none-eabi/lib/thumb/v6-m/libstdc++.a(bad_cast.o)
                              /usr/lib/gcc/arm-none-eabi/7.3.1/../../../arm-none-eabi/lib/thumb/v6-m/libstdc++.a(functexcept.o) (std::bad_cast::~bad_cast())
/usr/lib/gcc/arm-none-eabi/7.3.1/../../../arm-none-eabi/lib/thumb/v6-m/libstdc++.a(eh_catch.o)
                              /usr/lib/gcc/arm-none-eabi/7.3.1/../../../arm-none-eabi/lib/thumb/v6-m/libstdc++.a(eh_throw.o) (__cxa_begin_catch)
/usr/lib/gcc/arm-none-eabi/7.3.1/../../../arm-none-eabi/lib/thumb/v6-m/libstdc++.a(eh_exception.o)
                              /usr/lib/gcc/arm-none-eabi/7.3.1/../../../arm-none-eabi/lib/thumb/v6-m/libstdc++.a(bad_alloc.o) (std::exception::~exception())
/usr/lib/gcc/arm-none-eabi/7.3.1/../../../arm-none-eabi/lib/thumb/v6-m/libstdc++.a(eh_unex_handler.o)
                              /usr/lib/gcc/arm-none-eabi/7.3.1/../../../arm-none-eabi/lib/thumb/v6-m/libstdc++.a(eh_terminate.o) (__cxxabiv1::__unexpected_handler)
/usr/lib/gcc/arm-none-eabi/7.3.1/../../../arm-none-eabi/lib/thumb/v6-m/libstdc++.a(si_class_type_info.o)
                              /usr/lib/gcc/arm-none-eabi/7.3.1/../../../arm-none-eabi/lib/thumb/v6-m/libstdc++.a(bad_alloc.o) (vtable for __cxxabiv1::__si_class_type_info)
/usr/lib/gcc/arm-none-eabi/7.3.1/../../../arm-none-eabi/lib/thumb/v6-m/libstdc++.a(eh_call.o)
                              /usr/lib/gcc/arm-none-eabi/7.3.1/../../../arm-none-eabi/lib/thumb/v6-m/libstdc++.a(eh_personality.o) (__cxa_call_terminate)
/usr/lib/gcc/arm-none-eabi/7.3.1/../../../arm-none-eabi/lib/thumb/v6-m/libstdc++.a(eh_term_handler.o)
                              /usr/lib/gcc/arm-none-eabi/7.3.1/../../../arm-none-eabi/lib/thumb/v6-m/libstdc++.a(eh_terminate.o) (__cxxabiv1::__terminate_handler)
/usr/lib/gcc/arm-none-eabi/7.3.1/../../../arm-none-eabi/lib/thumb/v6-m/libstdc++.a(stdexcept.o)
                              /usr/lib/gcc/arm-none-eabi/7.3.1/../../../arm-none-eabi/lib/thumb/v6-m/libstdc++.a(functexcept.o) (std::logic_error::~logic_error())
/usr/lib/gcc/arm-none-eabi/7.3.1/../../../arm-none-eabi/lib/thumb/v6-m/libstdc++.a(cow-stdexcept.o)
                              /usr/lib/gcc/arm-none-eabi/7.3.1/../../../arm-none-eabi/lib/thumb/v6-m/libstdc++.a(functexcept.o) (std::logic_error::logic_error(char const*))
/usr/lib/gcc/arm-none-eabi/7.3.1/../../../arm-none-eabi/lib/thumb/v6-m/libstdc++.a(sso_string.o)
                              /usr/lib/gcc/arm-none-eabi/7.3.1/../../../arm-none-eabi/lib/thumb/v6-m/libstdc++.a(cow-stdexcept.o) (std::__sso_string::__sso_string(char const*, unsigned int))
/usr/lib/gcc/arm-none-eabi/7.3.1/../../../arm-none-eabi/lib/thumb/v6-m/libstdc++.a(cow-string-inst.o)
                              /usr/lib/gcc/arm-none-eabi/7.3.1/../../../arm-none-eabi/lib/thumb/v6-m/libstdc++.a(stdexcept.o) (std::string::_Rep::_S_empty_rep_storage)
[...]
Memory Configuration

Name             Origin             Length             Attributes
FLASH            0x0000000010000000 0x0000000000200000 xr
RAM              0x0000000020000000 0x0000000000040000 xrw
SCRATCH_X        0x0000000020040000 0x0000000000001000 xrw
SCRATCH_Y        0x0000000020041000 0x0000000000001000 xrw
*default*        0x0000000000000000 0xffffffffffffffff

Linker script and memory map

LOAD /usr/lib/gcc/arm-none-eabi/7.3.1/thumb/v6-m/crti.o
LOAD /usr/lib/gcc/arm-none-eabi/7.3.1/thumb/v6-m/crtbegin.o
LOAD /usr/lib/gcc/arm-none-eabi/7.3.1/../../../arm-none-eabi/lib/thumb/v6-m/crt0.o

.flash_begin    0x0000000010000000        0x0
                0x0000000010000000                __flash_binary_start = .

.boot2          0x0000000010000000      0x100
                0x0000000010000000                __boot2_start__ = .
 *(.boot2)
 .boot2         0x0000000010000000      0x100 /tmp/cczNArTT.o
                0x0000000010000100                __boot2_end__ = .
                0x0000000000000001                ASSERT (((__boot2_end__ - __boot2_start__) == 0x100), ERROR: Pico second stage bootloader must be 256 bytes in size)

.text           0x0000000010000100     0x5930
                0x0000000010000100                __logical_binary_start = .
 *(.vectors)
 .vectors       0x0000000010000100       0xd4 CMakeFiles/pico8system.dir/home/andreas/pico-sdk/src/rp2_common/pico_standard_link/crt0.S.obj
                0x0000000010000100                __vectors
                0x0000000010000100                __VECTOR_TABLE
                0x00000000100001c0                isr_invalid
                0x00000000100001c0                __default_isrs_start
                0x00000000100001c2                isr_nmi
                0x00000000100001c4                isr_hardfault
                0x00000000100001c6                isr_svcall
                0x00000000100001c8                isr_pendsv
                0x00000000100001ca                isr_systick
                0x00000000100001cc                isr_irq30
                0x00000000100001cc                __unhandled_user_irq
                0x00000000100001cc                isr_irq13
                0x00000000100001cc                isr_irq27
                0x00000000100001cc                isr_irq31
                0x00000000100001cc                isr_irq5
                0x00000000100001cc                isr_irq11
                0x00000000100001cc                isr_irq23
                0x00000000100001cc                isr_irq18
                0x00000000100001cc                isr_irq28
                0x00000000100001cc                isr_irq19
                0x00000000100001cc                isr_irq0
                0x00000000100001cc                isr_irq6
                0x00000000100001cc                isr_irq22
                0x00000000100001cc                isr_irq17
                0x00000000100001cc                isr_irq14
                0x00000000100001cc                isr_irq2
                0x00000000100001cc                isr_irq10
                0x00000000100001cc                isr_irq8
                0x00000000100001cc                isr_irq24
                0x00000000100001cc                isr_irq1
                0x00000000100001cc                isr_irq7
                0x00000000100001cc                isr_irq21
                0x00000000100001cc                isr_irq20
                0x00000000100001cc                isr_irq15
                0x00000000100001cc                isr_irq25
                0x00000000100001cc                isr_irq4
                0x00000000100001cc                isr_irq16
                0x00000000100001cc                isr_irq29
                0x00000000100001cc                isr_irq26
                0x00000000100001cc                __default_isrs_end
                0x00000000100001cc                isr_irq3
                0x00000000100001cc                isr_irq12
                0x00000000100001cc                isr_irq9
                0x00000000100001d2                unhandled_user_irq_num_in_r0
 *(.binary_info_header)
 .binary_info_header
                0x00000000100001d4       0x14 CMakeFiles/pico8system.dir/home/andreas/pico-sdk/src/rp2_common/pico_standard_link/crt0.S.obj
                0x00000000100001e8                __binary_info_header_end = .
 *(.reset)
 .reset         0x00000000100001e8       0xa8 CMakeFiles/pico8system.dir/home/andreas/pico-sdk/src/rp2_common/pico_standard_link/crt0.S.obj
                0x00000000100001e8                _entry_point
                0x0000000010000266                __get_current_exception
 .reset         0x0000000010000290       0x30 CMakeFiles/pico8system.dir/home/andreas/pico-sdk/src/rp2_common/pico_standard_link/binary_info.c.obj
 *(.init)
 .init          0x00000000100002c0        0x4 /usr/lib/gcc/arm-none-eabi/7.3.1/thumb/v6-m/crti.o
                0x00000000100002c0                _init
 *(EXCLUDE_FILE(*libm.a: *libc.a:*lib_a-mem*.o *libgcc.a:) .text*)
 .text          0x00000000100002c4       0x98 /usr/lib/gcc/arm-none-eabi/7.3.1/thumb/v6-m/crtbegin.o
 .text._Z4initv
                0x000000001000035c       0x5c CMakeFiles/pico8system.dir/main.cpp.obj
                0x000000001000035c                init()
 .text._Z6updatem
                0x00000000100003b8        0x4 CMakeFiles/pico8system.dir/main.cpp.obj
                0x00000000100003b8                update(unsigned long)
 .text._Z4drawm
                0x00000000100003bc        0x4 CMakeFiles/pico8system.dir/main.cpp.obj
                0x00000000100003bc                draw(unsigned long)
 .text.startup._GLOBAL__sub_I__ZN5pico812systemoffsetE
                0x00000000100003c0      0x1d0 CMakeFiles/pico8system.dir/main.cpp.obj
 .text.startup.main
                0x0000000010000590      0x15c CMakeFiles/pico8system.dir/home/andreas/picosystem/libraries/picosystem.cpp.obj
                0x0000000010000590                main
 .text.startup._GLOBAL__sub_I__ZN10picosystem5statsE
                0x00000000100006ec       0x24 CMakeFiles/pico8system.dir/home/andreas/picosystem/libraries/picosystem.cpp.obj
 .text._ZN10picosystem5ALPHAEPtllS0_m
                0x0000000010000710      0x110 CMakeFiles/pico8system.dir/home/andreas/picosystem/libraries/blend.cpp.obj
                0x0000000010000710                picosystem::ALPHA(unsigned short*, long, long, unsigned short*, unsigned long)
 .text._ZN10picosystem4MASKEPtllS0_m
                0x0000000010000820       0x24 CMakeFiles/pico8system.dir/home/andreas/picosystem/libraries/blend.cpp.obj
                0x0000000010000820                picosystem::MASK(unsigned short*, long, long, unsigned short*, unsigned long)
 .text._ZN10picosystem12audio_sampleEm
                0x0000000010000844      0x164 CMakeFiles/pico8system.dir/home/andreas/picosystem/libraries/audio.cpp.obj
                0x0000000010000844                picosystem::audio_sample(unsigned long)
 .text._ZN10picosystem13_update_audioEv
                0x00000000100009a8      0x19c CMakeFiles/pico8system.dir/home/andreas/picosystem/libraries/audio.cpp.obj
                0x00000000100009a8                picosystem::_update_audio()
 .text._ZN10picosystem3penEv
                0x0000000010000b44       0x18 CMakeFiles/pico8system.dir/home/andreas/picosystem/libraries/state.cpp.obj
                0x0000000010000b44                picosystem::pen()
 .text._ZN10picosystem5alphaEv
                0x0000000010000b5c        0xc CMakeFiles/pico8system.dir/home/andreas/picosystem/libraries/state.cpp.obj
                0x0000000010000b5c                picosystem::alpha()
 .text._ZN10picosystem4clipEv
                0x0000000010000b68       0x30 CMakeFiles/pico8system.dir/home/andreas/picosystem/libraries/state.cpp.obj
                0x0000000010000b68                picosystem::clip()
 .text._ZN10picosystem4clipEllmm
                0x0000000010000b98       0x24 CMakeFiles/pico8system.dir/home/andreas/picosystem/libraries/state.cpp.obj
                0x0000000010000b98                picosystem::clip(long, long, unsigned long, unsigned long)
 .text._ZN10picosystem5blendEv
                0x0000000010000bbc       0x10 CMakeFiles/pico8system.dir/home/andreas/picosystem/libraries/state.cpp.obj
                0x0000000010000bbc                picosystem::blend()
 .text._ZN10picosystem5blendEPFvPtllS0_mE
                0x0000000010000bcc        0xc CMakeFiles/pico8system.dir/home/andreas/picosystem/libraries/state.cpp.obj
                0x0000000010000bcc                picosystem::blend(void (*)(unsigned short*, long, long, unsigned short*, unsigned long))
 .text._ZN10picosystem6targetEv
                0x0000000010000bd8       0x38 CMakeFiles/pico8system.dir/home/andreas/picosystem/libraries/state.cpp.obj
                0x0000000010000bd8                picosystem::target()
 .text._ZN10picosystem6cameraEv
                0x0000000010000c10       0x14 CMakeFiles/pico8system.dir/home/andreas/picosystem/libraries/state.cpp.obj
                0x0000000010000c10                picosystem::camera()
 .text._ZN10picosystem6cursorEv
                0x0000000010000c24       0x14 CMakeFiles/pico8system.dir/home/andreas/picosystem/libraries/state.cpp.obj
                0x0000000010000c24                picosystem::cursor()
 .text._ZN10picosystem11spritesheetEPNS_8buffer_tE
                0x0000000010000c38        0xc CMakeFiles/pico8system.dir/home/andreas/picosystem/libraries/state.cpp.obj
                0x0000000010000c38                picosystem::spritesheet(picosystem::buffer_t*)
 .text._ZN10picosystem3rgbEhhhh
                0x0000000010000c44       0x20 CMakeFiles/pico8system.dir/home/andreas/picosystem/libraries/utility.cpp.obj
                0x0000000010000c44                picosystem::rgb(unsigned char, unsigned char, unsigned char, unsigned char)
 .text._ZN10picosystem6bufferEmmPv
                0x0000000010000c64       0x3c CMakeFiles/pico8system.dir/home/andreas/picosystem/libraries/utility.cpp.obj
                0x0000000010000c64                picosystem::buffer(unsigned long, unsigned long, void*)
 .text._ZN10picosystem22_audio_update_callbackEP15repeating_timer
                0x0000000010000ca0        0xc CMakeFiles/pico8system.dir/home/andreas/picosystem/libraries/hardware.cpp.obj
                0x0000000010000ca0                picosystem::_audio_update_callback(repeating_timer*)
 .text._ZN10picosystem12dma_completeEv
                0x0000000010000cac       0x94 CMakeFiles/pico8system.dir/home/andreas/picosystem/libraries/hardware.cpp.obj
                0x0000000010000cac                picosystem::dma_complete()
 .text._ZN10picosystem7time_usEv
                0x0000000010000d40        0x8 CMakeFiles/pico8system.dir/home/andreas/picosystem/libraries/hardware.cpp.obj
                0x0000000010000d40                picosystem::time_us()
 .text._ZN10picosystem11_wait_vsyncEv
                0x0000000010000d48       0x20 CMakeFiles/pico8system.dir/home/andreas/picosystem/libraries/hardware.cpp.obj
                0x0000000010000d48                picosystem::_wait_vsync()
 .text._ZN10picosystem12_is_flippingEv
                0x0000000010000d68        0xc CMakeFiles/pico8system.dir/home/andreas/picosystem/libraries/hardware.cpp.obj
                0x0000000010000d68                picosystem::_is_flipping()
 .text._ZN10picosystem5_flipEv
                0x0000000010000d74       0x6c CMakeFiles/pico8system.dir/home/andreas/picosystem/libraries/hardware.cpp.obj
                0x0000000010000d74                picosystem::_flip()
 .text._ZN10picosystem19screen_program_initEP8pio_hw_tj
                0x0000000010000de0       0xfc CMakeFiles/pico8system.dir/home/andreas/picosystem/libraries/hardware.cpp.obj
                0x0000000010000de0                picosystem::screen_program_init(pio_hw_t*, unsigned int)
 .text._ZN10picosystem9backlightEh
                0x0000000010000edc       0x48 CMakeFiles/pico8system.dir/home/andreas/picosystem/libraries/hardware.cpp.obj
                0x0000000010000edc                picosystem::backlight(unsigned char)
 .text._ZN10picosystem10_play_noteEmm
                0x0000000010000f24       0xc0 CMakeFiles/pico8system.dir/home/andreas/picosystem/libraries/hardware.cpp.obj
                0x0000000010000f24                picosystem::_play_note(unsigned long, unsigned long)
 .text._ZN10picosystem9_gpio_getEv
                0x0000000010000fe4        0x8 CMakeFiles/pico8system.dir/home/andreas/picosystem/libraries/hardware.cpp.obj
                0x0000000010000fe4                picosystem::_gpio_get()
 .text._ZN10picosystem12_start_audioEv
                0x0000000010000fec       0x30 CMakeFiles/pico8system.dir/home/andreas/picosystem/libraries/hardware.cpp.obj
                0x0000000010000fec                picosystem::_start_audio()
 .text._ZN10picosystem14_init_hardwareEv
                0x000000001000101c      0x5ac CMakeFiles/pico8system.dir/home/andreas/picosystem/libraries/hardware.cpp.obj
                0x000000001000101c                picosystem::_init_hardware()
 .text.set_sys_clock_pll
                0x00000000100015c8       0x78 CMakeFiles/pico8system.dir/home/andreas/pico-sdk/src/rp2_common/pico_stdlib/stdlib.c.obj
                0x00000000100015c8                set_sys_clock_pll
 .text.check_sys_clock_khz
                0x0000000010001640      0x170 CMakeFiles/pico8system.dir/home/andreas/pico-sdk/src/rp2_common/pico_stdlib/stdlib.c.obj
                0x0000000010001640                check_sys_clock_khz
 .text.gpio_set_function
                0x00000000100017b0       0x30 CMakeFiles/pico8system.dir/home/andreas/pico-sdk/src/rp2_common/hardware_gpio/gpio.c.obj
                0x00000000100017b0                gpio_set_function
 .text.gpio_set_pulls
                0x00000000100017e0       0x34 CMakeFiles/pico8system.dir/home/andreas/pico-sdk/src/rp2_common/hardware_gpio/gpio.c.obj
                0x00000000100017e0                gpio_set_pulls
 .text.gpio_set_input_enabled
                0x0000000010001814       0x28 CMakeFiles/pico8system.dir/home/andreas/pico-sdk/src/rp2_common/hardware_gpio/gpio.c.obj
                0x0000000010001814                gpio_set_input_enabled
 .text.gpio_init
                0x000000001000183c       0x3c CMakeFiles/pico8system.dir/home/andreas/pico-sdk/src/rp2_common/hardware_gpio/gpio.c.obj
                0x000000001000183c                gpio_init
 .text.hw_claim_lock
                0x0000000010001878       0x18 CMakeFiles/pico8system.dir/home/andreas/pico-sdk/src/rp2_common/hardware_claim/claim.c.obj
                0x0000000010001878                hw_claim_lock
 .text.hw_claim_unlock
                0x0000000010001890       0x14 CMakeFiles/pico8system.dir/home/andreas/pico-sdk/src/rp2_common/hardware_claim/claim.c.obj
                0x0000000010001890                hw_claim_unlock
 .text.hw_claim_or_assert
                0x00000000100018a4       0x44 CMakeFiles/pico8system.dir/home/andreas/pico-sdk/src/rp2_common/hardware_claim/claim.c.obj
                0x00000000100018a4                hw_claim_or_assert
 .text.running_on_fpga
                0x00000000100018e8       0x10 CMakeFiles/pico8system.dir/home/andreas/pico-sdk/src/rp2_common/pico_platform/platform.c.obj
                0x00000000100018e8                running_on_fpga
 .text.spin_locks_reset
                0x00000000100018f8       0x1c CMakeFiles/pico8system.dir/home/andreas/pico-sdk/src/rp2_common/hardware_sync/sync.c.obj
                0x00000000100018f8                spin_locks_reset
 .text.next_striped_spin_lock_num
                0x0000000010001914       0x18 CMakeFiles/pico8system.dir/home/andreas/pico-sdk/src/rp2_common/hardware_sync/sync.c.obj
                0x0000000010001914                next_striped_spin_lock_num
 .text.timer_pool_entry_comparator
                0x000000001000192c       0x34 CMakeFiles/pico8system.dir/home/andreas/pico-sdk/src/common/pico_time/time.c.obj
                0x000000001000192c                timer_pool_entry_comparator
 .text.repeating_timer_callback
                0x0000000010001960       0x1c CMakeFiles/pico8system.dir/home/andreas/pico-sdk/src/common/pico_time/time.c.obj
 .text.sleep_until_callback
                0x000000001000197c       0x30 CMakeFiles/pico8system.dir/home/andreas/pico-sdk/src/common/pico_time/time.c.obj
 .text.add_alarm_under_lock
                0x00000000100019ac      0x120 CMakeFiles/pico8system.dir/home/andreas/pico-sdk/src/common/pico_time/time.c.obj
 .text.alarm_pool_alarm_callback
                0x0000000010001acc      0x1dc CMakeFiles/pico8system.dir/home/andreas/pico-sdk/src/common/pico_time/time.c.obj
 .text.alarm_pool_init_default
                0x0000000010001ca8       0x64 CMakeFiles/pico8system.dir/home/andreas/pico-sdk/src/common/pico_time/time.c.obj
                0x0000000010001ca8                alarm_pool_init_default
 .text.alarm_pool_get_default
                0x0000000010001d0c        0x8 CMakeFiles/pico8system.dir/home/andreas/pico-sdk/src/common/pico_time/time.c.obj
                0x0000000010001d0c                alarm_pool_get_default
 .text.alarm_pool_add_repeating_timer_us
                0x0000000010001d14      0x208 CMakeFiles/pico8system.dir/home/andreas/pico-sdk/src/common/pico_time/time.c.obj
                0x0000000010001d14                alarm_pool_add_repeating_timer_us
 .text.sleep_until
                0x0000000010001f1c      0x1ec CMakeFiles/pico8system.dir/home/andreas/pico-sdk/src/common/pico_time/time.c.obj
                0x0000000010001f1c                sleep_until
 .text.sleep_ms
                0x0000000010002108       0x38 CMakeFiles/pico8system.dir/home/andreas/pico-sdk/src/common/pico_time/time.c.obj
                0x0000000010002108                sleep_ms
 .text.hardware_alarm_irq_handler
                0x0000000010002140       0xb0 CMakeFiles/pico8system.dir/home/andreas/pico-sdk/src/rp2_common/hardware_timer/timer.c.obj
 .text.hardware_alarm_claim
                0x00000000100021f0       0x18 CMakeFiles/pico8system.dir/home/andreas/pico-sdk/src/rp2_common/hardware_timer/timer.c.obj
                0x00000000100021f0                hardware_alarm_claim
 .text.time_us_64
                0x0000000010002208       0x18 CMakeFiles/pico8system.dir/home/andreas/pico-sdk/src/rp2_common/hardware_timer/timer.c.obj
                0x0000000010002208                time_us_64
 .text.busy_wait_until
                0x0000000010002220       0x20 CMakeFiles/pico8system.dir/home/andreas/pico-sdk/src/rp2_common/hardware_timer/timer.c.obj
                0x0000000010002220                busy_wait_until
 .text.hardware_alarm_set_callback
                0x0000000010002240       0x8c CMakeFiles/pico8system.dir/home/andreas/pico-sdk/src/rp2_common/hardware_timer/timer.c.obj
                0x0000000010002240                hardware_alarm_set_callback
 .text.hardware_alarm_set_target
                0x00000000100022cc       0xd8 CMakeFiles/pico8system.dir/home/andreas/pico-sdk/src/rp2_common/hardware_timer/timer.c.obj
                0x00000000100022cc                hardware_alarm_set_target
 .text.hardware_alarm_cancel
                0x00000000100023a4       0x40 CMakeFiles/pico8system.dir/home/andreas/pico-sdk/src/rp2_common/hardware_timer/timer.c.obj
                0x00000000100023a4                hardware_alarm_cancel
 .text.lock_init
                0x00000000100023e4       0x10 CMakeFiles/pico8system.dir/home/andreas/pico-sdk/src/common/pico_sync/lock_core.c.obj
                0x00000000100023e4                lock_init
 .text.mutex_init
                0x00000000100023f4       0x1c CMakeFiles/pico8system.dir/home/andreas/pico-sdk/src/common/pico_sync/mutex.c.obj
                0x00000000100023f4                mutex_init
 .text.recursive_mutex_init
                0x0000000010002410       0x1c CMakeFiles/pico8system.dir/home/andreas/pico-sdk/src/common/pico_sync/mutex.c.obj
                0x0000000010002410                recursive_mutex_init
 .text.ph_merge_two_pass.part.3
                0x000000001000242c       0xcc CMakeFiles/pico8system.dir/home/andreas/pico-sdk/src/common/pico_util/pheap.c.obj
 .text.ph_post_alloc_init
                0x00000000100024f8       0x3c CMakeFiles/pico8system.dir/home/andreas/pico-sdk/src/common/pico_util/pheap.c.obj
                0x00000000100024f8                ph_post_alloc_init
 .text.ph_remove_head
                0x0000000010002534      0x158 CMakeFiles/pico8system.dir/home/andreas/pico-sdk/src/common/pico_util/pheap.c.obj
                0x0000000010002534                ph_remove_head
 .text.ph_remove_and_free_node
                0x000000001000268c      0x340 CMakeFiles/pico8system.dir/home/andreas/pico-sdk/src/common/pico_util/pheap.c.obj
                0x000000001000268c                ph_remove_and_free_node
 .text.runtime_init
                0x00000000100029cc      0x100 CMakeFiles/pico8system.dir/home/andreas/pico-sdk/src/rp2_common/pico_runtime/runtime.c.obj
                0x00000000100029cc                runtime_init
 .text._sbrk    0x0000000010002acc       0x34 CMakeFiles/pico8system.dir/home/andreas/pico-sdk/src/rp2_common/pico_runtime/runtime.c.obj
                0x0000000010002acc                _sbrk
 .text.exit     0x0000000010002b00        0x4 CMakeFiles/pico8system.dir/home/andreas/pico-sdk/src/rp2_common/pico_runtime/runtime.c.obj
                0x0000000010002b00                exit
 .text.panic    0x0000000010002b04       0x30 CMakeFiles/pico8system.dir/home/andreas/pico-sdk/src/rp2_common/pico_runtime/runtime.c.obj
                0x0000000010002b04                panic
 .text.hard_assertion_failure
                0x0000000010002b34        0xc CMakeFiles/pico8system.dir/home/andreas/pico-sdk/src/rp2_common/pico_runtime/runtime.c.obj
                0x0000000010002b34                hard_assertion_failure
 .text.clock_configure
                0x0000000010002b40      0x144 CMakeFiles/pico8system.dir/home/andreas/pico-sdk/src/rp2_common/hardware_clocks/clocks.c.obj
                0x0000000010002b40                clock_configure
 .text.clocks_init
                0x0000000010002c84      0x2c8 CMakeFiles/pico8system.dir/home/andreas/pico-sdk/src/rp2_common/hardware_clocks/clocks.c.obj
                0x0000000010002c84                clocks_init
 .text.clock_get_hz
                0x0000000010002f4c        0xc CMakeFiles/pico8system.dir/home/andreas/pico-sdk/src/rp2_common/hardware_clocks/clocks.c.obj
                0x0000000010002f4c                clock_get_hz
 .text.irq_set_enabled
                0x0000000010002f58       0x24 CMakeFiles/pico8system.dir/home/andreas/pico-sdk/src/rp2_common/hardware_irq/irq.c.obj
                0x0000000010002f58                irq_set_enabled
 .text.irq_get_vtable_handler
                0x0000000010002f7c       0x10 CMakeFiles/pico8system.dir/home/andreas/pico-sdk/src/rp2_common/hardware_irq/irq.c.obj
                0x0000000010002f7c                irq_get_vtable_handler
 .text.irq_set_exclusive_handler
                0x0000000010002f8c       0x54 CMakeFiles/pico8system.dir/home/andreas/pico-sdk/src/rp2_common/hardware_irq/irq.c.obj
                0x0000000010002f8c                irq_set_exclusive_handler
 .text.irq_remove_handler
                0x0000000010002fe0      0x1bc CMakeFiles/pico8system.dir/home/andreas/pico-sdk/src/rp2_common/hardware_irq/irq.c.obj
                0x0000000010002fe0                irq_remove_handler
 .text.irq_add_tail_to_free_list
                0x000000001000319c       0xb4 CMakeFiles/pico8system.dir/home/andreas/pico-sdk/src/rp2_common/hardware_irq/irq.c.obj
                0x000000001000319c                irq_add_tail_to_free_list
 .text.irq_init_priorities
                0x0000000010003250       0x38 CMakeFiles/pico8system.dir/home/andreas/pico-sdk/src/rp2_common/hardware_irq/irq.c.obj
                0x0000000010003250                irq_init_priorities
 .text.pll_init
                0x0000000010003288       0xa4 CMakeFiles/pico8system.dir/home/andreas/pico-sdk/src/rp2_common/hardware_pll/pll.c.obj
                0x0000000010003288                pll_init
 .text.vreg_set_voltage
                0x000000001000332c       0x1c CMakeFiles/pico8system.dir/home/andreas/pico-sdk/src/rp2_common/hardware_vreg/vreg.c.obj
                0x000000001000332c                vreg_set_voltage
 .text.watchdog_start_tick
                0x0000000010003348       0x10 CMakeFiles/pico8system.dir/home/andreas/pico-sdk/src/rp2_common/hardware_watchdog/watchdog.c.obj
                0x0000000010003348                watchdog_start_tick
 .text.xosc_init
                0x0000000010003358       0x28 CMakeFiles/pico8system.dir/home/andreas/pico-sdk/src/rp2_common/hardware_xosc/xosc.c.obj
                0x0000000010003358                xosc_init
 .text._out_char
                0x0000000010003380        0xc CMakeFiles/pico8system.dir/home/andreas/pico-sdk/src/rp2_common/pico_printf/printf.c.obj
 .text.weak_raw_vprintf
                0x000000001000338c       0x30 CMakeFiles/pico8system.dir/home/andreas/pico-sdk/src/rp2_common/pico_printf/printf.c.obj
                0x000000001000338c                weak_raw_vprintf
 .text          0x00000000100033bc       0x10 CMakeFiles/pico8system.dir/home/andreas/pico-sdk/src/rp2_common/pico_bit_ops/bit_ops_aeabi.S.obj
 .text.ctzsi    0x00000000100033cc        0xc CMakeFiles/pico8system.dir/home/andreas/pico-sdk/src/rp2_common/pico_bit_ops/bit_ops_aeabi.S.obj
                0x00000000100033cc                __wrap___ctzsi2
 .text.rom_func_lookup
                0x00000000100033d8       0x10 CMakeFiles/pico8system.dir/home/andreas/pico-sdk/src/rp2_common/pico_bootrom/bootrom.c.obj
                0x00000000100033d8                rom_func_lookup
 .text.rom_data_lookup
                0x00000000100033e8       0x10 CMakeFiles/pico8system.dir/home/andreas/pico-sdk/src/rp2_common/pico_bootrom/bootrom.c.obj
                0x00000000100033e8                rom_data_lookup
 .text.rom_funcs_lookup
                0x00000000100033f8       0x3c CMakeFiles/pico8system.dir/home/andreas/pico-sdk/src/rp2_common/pico_bootrom/bootrom.c.obj
                0x00000000100033f8                rom_funcs_lookup
 .text.__wrap___aeabi_uidiv
                0x0000000010003434       0x4c CMakeFiles/pico8system.dir/home/andreas/pico-sdk/src/rp2_common/pico_divider/divider.S.obj
                0x0000000010003434                __wrap___aeabi_uidiv
                0x0000000010003434                __wrap___aeabi_uidivmod
                0x0000000010003434                div_u32u32
                0x0000000010003434                divmod_u32u32
                0x000000001000343c                divmod_u32u32_unsafe
                0x0000000010003464                divmod_u32u32_savestate
 .text.__wrap___aeabi_ldiv
                0x0000000010003480      0x430 CMakeFiles/pico8system.dir/home/andreas/pico-sdk/src/rp2_common/pico_divider/divider.S.obj
                0x0000000010003480                div_s64s64
                0x0000000010003480                divmod_s64s64
                0x0000000010003480                __wrap___aeabi_ldivmod
                0x00000000100034b8                div_u64u64
                0x00000000100034b8                divmod_u64u64
                0x00000000100034b8                __wrap___aeabi_uldivmod
                0x00000000100034c8                divmod_u64u64_savestate
                0x00000000100034f0                divmod_s64s64_unsafe
                0x0000000010003578                divmod_u64u64_unsafe
 .text.__wrap___aeabi_darithmetic
                0x00000000100038b0       0x80 CMakeFiles/pico8system.dir/home/andreas/pico-sdk/src/rp2_common/pico_double/double_aeabi.S.obj
                0x00000000100038b0                __wrap___aeabi_drsub
                0x00000000100038b6                __wrap___aeabi_dsub
                0x00000000100038c8                __wrap___aeabi_dadd
                0x00000000100038da                __wrap___aeabi_ddiv
                0x0000000010003916                __wrap___aeabi_dmul
 .text.__wrap___aeabi_d2f
                0x0000000010003930       0x18 CMakeFiles/pico8system.dir/home/andreas/pico-sdk/src/rp2_common/pico_double/double_aeabi.S.obj
                0x0000000010003930                __wrap___aeabi_d2f
 .text.__wrap_exp
                0x0000000010003948       0x18 CMakeFiles/pico8system.dir/home/andreas/pico-sdk/src/rp2_common/pico_double/double_aeabi.S.obj
                0x0000000010003948                __wrap_exp
 .text.__wrap_log
                0x0000000010003960       0x18 CMakeFiles/pico8system.dir/home/andreas/pico-sdk/src/rp2_common/pico_double/double_aeabi.S.obj
                0x0000000010003960                __wrap_log
 .text.__aeabi_double_init
                0x0000000010003978       0x4c CMakeFiles/pico8system.dir/home/andreas/pico-sdk/src/rp2_common/pico_double/double_init_rom.c.obj
                0x0000000010003978                __aeabi_double_init
 .text.double_table_shim_on_use_helper
                0x00000000100039c4       0x2c CMakeFiles/pico8system.dir/home/andreas/pico-sdk/src/rp2_common/pico_double/double_v1_rom_shim.S.obj
                0x00000000100039c4                double_table_shim_on_use_helper
 .text.__wrap___aeabi_dsub
                0x00000000100039f0       0x10 CMakeFiles/pico8system.dir/home/andreas/pico-sdk/src/rp2_common/pico_double/double_v1_rom_shim.S.obj
                0x00000000100039f0                drsub_shim
                0x00000000100039f6                dsub_shim
 .text.dadd_shim
                0x0000000010003a00      0x15c CMakeFiles/pico8system.dir/home/andreas/pico-sdk/src/rp2_common/pico_double/double_v1_rom_shim.S.obj
                0x0000000010003a00                dadd_shim
 .text.dmul_shim
                0x0000000010003b5c      0x15c CMakeFiles/pico8system.dir/home/andreas/pico-sdk/src/rp2_common/pico_double/double_v1_rom_shim.S.obj
                0x0000000010003b5c                dmul_shim
 .text.ddiv_shim
                0x0000000010003cb8      0x1b0 CMakeFiles/pico8system.dir/home/andreas/pico-sdk/src/rp2_common/pico_double/double_v1_rom_shim.S.obj
                0x0000000010003cb8                ddiv_shim
 .text.double2float_shim
                0x0000000010003e68       0x5c CMakeFiles/pico8system.dir/home/andreas/pico-sdk/src/rp2_common/pico_double/double_v1_rom_shim.S.obj
                0x0000000010003e68                double2float_shim
 .text.x2double_shims
                0x0000000010003ec4       0x90 CMakeFiles/pico8system.dir/home/andreas/pico-sdk/src/rp2_common/pico_double/double_v1_rom_shim.S.obj
                0x0000000010003ec4                uint2double_shim
                0x0000000010003ec6                ufix2double_shim
                0x0000000010003ecc                int2double_shim
                0x0000000010003ece                fix2double_shim
                0x0000000010003ed4                uint642double_shim
                0x0000000010003ed6                ufix642double_shim
                0x0000000010003edc                int642double_shim
                0x0000000010003ede                fix642double_shim
 .text.dunpacks
                0x0000000010003f54       0x3c CMakeFiles/pico8system.dir/home/andreas/pico-sdk/src/rp2_common/pico_double/double_v1_rom_shim.S.obj
                0x0000000010003f54                dunpacks
 .text.dreduce  0x0000000010003f90       0x82 CMakeFiles/pico8system.dir/home/andreas/pico-sdk/src/rp2_common/pico_double/double_v1_rom_shim.S.obj
                0x0000000010003f90                dreduce
 *fill*         0x0000000010004012        0x2 
 .text.dexp_guts
                0x0000000010004014      0x268 CMakeFiles/pico8system.dir/home/andreas/pico-sdk/src/rp2_common/pico_double/double_v1_rom_shim.S.obj
                0x0000000010004014                dexp_shim
                0x00000000100040b0                dln_shim
 .text.__aeabi_lmul
                0x000000001000427c       0x32 CMakeFiles/pico8system.dir/home/andreas/pico-sdk/src/rp2_common/pico_int64_ops/pico_int64_ops_aeabi.S.obj
                0x000000001000427c                __wrap___aeabi_lmul
 *fill*         0x00000000100042ae        0x2 
 .text.__wrap___aeabi_farithmetic
                0x00000000100042b0       0x48 CMakeFiles/pico8system.dir/home/andreas/pico-sdk/src/rp2_common/pico_float/float_aeabi.S.obj
                0x00000000100042b0                __wrap___aeabi_frsub
                0x00000000100042b6                __wrap___aeabi_fsub
                0x00000000100042bc                __wrap___aeabi_fadd
                0x00000000100042c2                __wrap___aeabi_fdiv
                0x00000000100042ea                __wrap___aeabi_fmul
 .text.__wrap___aeabi_cfcmple
                0x00000000100042f8       0x50 CMakeFiles/pico8system.dir/home/andreas/pico-sdk/src/rp2_common/pico_float/float_aeabi.S.obj
                0x00000000100042f8                __wrap___aeabi_cfrcmple
                0x0000000010004304                __wrap___aeabi_cfcmpeq
                0x0000000010004304                __wrap___aeabi_cfcmple
 .text.__wrap___aeabi_fcmpeq
                0x0000000010004348       0x10 CMakeFiles/pico8system.dir/home/andreas/pico-sdk/src/rp2_common/pico_float/float_aeabi.S.obj
                0x0000000010004348                __wrap___aeabi_fcmpeq
 .text.__wrap___aeabi_ui2f
                0x0000000010004358        0xa CMakeFiles/pico8system.dir/home/andreas/pico-sdk/src/rp2_common/pico_float/float_aeabi.S.obj
                0x0000000010004358                __wrap___aeabi_ui2f
 *fill*         0x0000000010004362        0x2 
 .text.__wrap___aeabi_i2f
                0x0000000010004364       0x44 CMakeFiles/pico8system.dir/home/andreas/pico-sdk/src/rp2_common/pico_float/float_aeabi.S.obj
                0x0000000010004364                __wrap___aeabi_i2f
 .text.__wrap___aeabi_f2iz
                0x00000000100043a8       0x4e CMakeFiles/pico8system.dir/home/andreas/pico-sdk/src/rp2_common/pico_float/float_aeabi.S.obj
                0x00000000100043a8                __wrap___aeabi_f2iz
                0x00000000100043a8                float2int_z
 *fill*         0x00000000100043f6        0x2 
 .text.float2int
                0x00000000100043f8       0x14 CMakeFiles/pico8system.dir/home/andreas/pico-sdk/src/rp2_common/pico_float/float_aeabi.S.obj
                0x00000000100043f8                float2int
 .text.__wrap___aeabi_f2uiz
                0x000000001000440c        0xc CMakeFiles/pico8system.dir/home/andreas/pico-sdk/src/rp2_common/pico_float/float_aeabi.S.obj
                0x000000001000440c                __wrap___aeabi_f2uiz
 .text.fix2float
                0x0000000010004418        0xc CMakeFiles/pico8system.dir/home/andreas/pico-sdk/src/rp2_common/pico_float/float_aeabi.S.obj
                0x0000000010004418                fix2float
 .text.__wrap___aeabi_f2d
                0x0000000010004424       0x14 CMakeFiles/pico8system.dir/home/andreas/pico-sdk/src/rp2_common/pico_float/float_aeabi.S.obj
                0x0000000010004424                __wrap___aeabi_f2d
 .text.__wrap_sinf
                0x0000000010004438       0x24 CMakeFiles/pico8system.dir/home/andreas/pico-sdk/src/rp2_common/pico_float/float_aeabi.S.obj
                0x0000000010004438                __wrap_sinf
 .text.__aeabi_float_init
                0x000000001000445c       0x68 CMakeFiles/pico8system.dir/home/andreas/pico-sdk/src/rp2_common/pico_float/float_init_rom.c.obj
                0x000000001000445c                __aeabi_float_init
 .text.fpow_int2
                0x00000000100044c4       0x54 CMakeFiles/pico8system.dir/home/andreas/pico-sdk/src/rp2_common/pico_float/float_math.c.obj
 .text.fpow_0   0x0000000010004518      0x17c CMakeFiles/pico8system.dir/home/andreas/pico-sdk/src/rp2_common/pico_float/float_math.c.obj
 .text.__wrap_powf
                0x0000000010004694      0x188 CMakeFiles/pico8system.dir/home/andreas/pico-sdk/src/rp2_common/pico_float/float_math.c.obj
                0x0000000010004694                __wrap_powf
 .text.__wrap_remquof
                0x000000001000481c      0x140 CMakeFiles/pico8system.dir/home/andreas/pico-sdk/src/rp2_common/pico_float/float_math.c.obj
                0x000000001000481c                __wrap_remquof
 .text.__wrap_remainderf
                0x000000001000495c        0xc CMakeFiles/pico8system.dir/home/andreas/pico-sdk/src/rp2_common/pico_float/float_math.c.obj
                0x000000001000495c                __wrap_remainderf
 .text.float_table_shim_on_use_helper
                0x0000000010004968       0x2c CMakeFiles/pico8system.dir/home/andreas/pico-sdk/src/rp2_common/pico_float/float_v1_rom_shim.S.obj
                0x0000000010004968                float_table_shim_on_use_helper
 .text.float232_shims
                0x0000000010004994       0x18 CMakeFiles/pico8system.dir/home/andreas/pico-sdk/src/rp2_common/pico_float/float_v1_rom_shim.S.obj
                0x0000000010004994                float2int_shim
                0x0000000010004996                float2fix_shim
 .text.float2double_shim
                0x00000000100049ac       0x30 CMakeFiles/pico8system.dir/home/andreas/pico-sdk/src/rp2_common/pico_float/float_v1_rom_shim.S.obj
                0x00000000100049ac                float2double_shim
 .text.__wrap_malloc
                0x00000000100049dc       0x24 CMakeFiles/pico8system.dir/home/andreas/pico-sdk/src/rp2_common/pico_malloc/pico_malloc.c.obj
                0x00000000100049dc                __wrap_malloc
 .text          0x0000000010004a00       0x10 CMakeFiles/pico8system.dir/home/andreas/pico-sdk/src/rp2_common/pico_mem_ops/mem_ops_aeabi.S.obj
                0x0000000010004a00                __aeabi_mem_init
 .text.memcpy   0x0000000010004a10        0xc CMakeFiles/pico8system.dir/home/andreas/pico-sdk/src/rp2_common/pico_mem_ops/mem_ops_aeabi.S.obj
                0x0000000010004a10                __wrap___aeabi_memcpy
                0x0000000010004a10                __wrap_memcpy
 .text._Znwj    0x0000000010004a1c        0x8 CMakeFiles/pico8system.dir/home/andreas/pico-sdk/src/rp2_common/pico_standard_link/new_delete.cpp.obj
                0x0000000010004a1c                operator new(unsigned int)
 .text._Znaj    0x0000000010004a24        0x8 CMakeFiles/pico8system.dir/home/andreas/pico-sdk/src/rp2_common/pico_standard_link/new_delete.cpp.obj
                0x0000000010004a24                operator new[](unsigned int)
 .text.stdio_out_chars_crlf.part.0
                0x0000000010004a2c       0x8c CMakeFiles/pico8system.dir/home/andreas/pico-sdk/src/rp2_common/pico_stdio/stdio.c.obj
 .text.__wrap_putchar
                0x0000000010004ab8       0xb0 CMakeFiles/pico8system.dir/home/andreas/pico-sdk/src/rp2_common/pico_stdio/stdio.c.obj
                0x0000000010004ab8                __wrap_putchar
 .text.__wrap_puts
                0x0000000010004b68      0x120 CMakeFiles/pico8system.dir/home/andreas/pico-sdk/src/rp2_common/pico_stdio/stdio.c.obj
                0x0000000010004b68                __wrap_puts
 .text.pio_add_program
                0x0000000010004c88       0xec CMakeFiles/pico8system.dir/home/andreas/pico-sdk/src/rp2_common/hardware_pio/pio.c.obj
                0x0000000010004c88                pio_add_program
 .text.pio_sm_set_pins_with_mask
                0x0000000010004d74       0x84 CMakeFiles/pico8system.dir/home/andreas/pico-sdk/src/rp2_common/hardware_pio/pio.c.obj
                0x0000000010004d74                pio_sm_set_pins_with_mask
 .text.pio_sm_set_pindirs_with_mask
                0x0000000010004df8       0x88 CMakeFiles/pico8system.dir/home/andreas/pico-sdk/src/rp2_common/hardware_pio/pio.c.obj
                0x0000000010004df8                pio_sm_set_pindirs_with_mask
 .text.pio_sm_set_consecutive_pindirs
                0x0000000010004e80       0x88 CMakeFiles/pico8system.dir/home/andreas/pico-sdk/src/rp2_common/hardware_pio/pio.c.obj
                0x0000000010004e80                pio_sm_set_consecutive_pindirs
 .text.pio_sm_init
                0x0000000010004f08       0x90 CMakeFiles/pico8system.dir/home/andreas/pico-sdk/src/rp2_common/hardware_pio/pio.c.obj
                0x0000000010004f08                pio_sm_init
 .text.spi_init
                0x0000000010004f98       0xec CMakeFiles/pico8system.dir/home/andreas/pico-sdk/src/rp2_common/hardware_spi/spi.c.obj
                0x0000000010004f98                spi_init
 .text.adc_init
                0x0000000010005084       0x38 CMakeFiles/pico8system.dir/home/andreas/pico-sdk/src/rp2_common/hardware_adc/adc.c.obj
                0x0000000010005084                adc_init
 .text.startup._GLOBAL__sub_I__ZN9__gnu_cxx9__freeresEv
                0x00000000100050bc       0x2c /usr/lib/gcc/arm-none-eabi/7.3.1/../../../arm-none-eabi/lib/thumb/v6-m/libstdc++.a(eh_alloc.o)
 .text          0x00000000100050e8       0x28 /usr/lib/gcc/arm-none-eabi/7.3.1/../../../arm-none-eabi/lib/thumb/v6-m/libc.a(lib_a-malloc.o)
                0x00000000100050e8                malloc
                0x00000000100050fc                free
 .text          0x0000000010005110      0x570 /usr/lib/gcc/arm-none-eabi/7.3.1/../../../arm-none-eabi/lib/thumb/v6-m/libc.a(lib_a-mallocr.o)
                0x0000000010005110                _malloc_r
 .text          0x0000000010005680        0x8 /usr/lib/gcc/arm-none-eabi/7.3.1/../../../arm-none-eabi/lib/thumb/v6-m/libc.a(lib_a-mlock.o)
                0x0000000010005680                __malloc_lock
                0x0000000010005684                __malloc_unlock
 .text          0x0000000010005688       0x48 /usr/lib/gcc/arm-none-eabi/7.3.1/../../../arm-none-eabi/lib/thumb/v6-m/libc.a(lib_a-rand.o)
                0x0000000010005688                srand
                0x000000001000569c                rand
 .text          0x00000000100056d0       0x24 /usr/lib/gcc/arm-none-eabi/7.3.1/../../../arm-none-eabi/lib/thumb/v6-m/libc.a(lib_a-sbrkr.o)
                0x00000000100056d0                _sbrk_r
 .text          0x00000000100056f4       0x64 /usr/lib/gcc/arm-none-eabi/7.3.1/../../../arm-none-eabi/lib/thumb/v6-m/libc.a(lib_a-strlen-stub.o)
                0x00000000100056f4                strlen
 .text          0x0000000010005758      0x274 /usr/lib/gcc/arm-none-eabi/7.3.1/../../../arm-none-eabi/lib/thumb/v6-m/libc.a(lib_a-freer.o)
                0x0000000010005758                _malloc_trim_r
                0x00000000100057f8                _free_r
 *(.fini)
 .fini          0x00000000100059cc        0x4 /usr/lib/gcc/arm-none-eabi/7.3.1/thumb/v6-m/crti.o
                0x00000000100059cc                _fini
 .fini.__stub   0x00000000100059d0       0x60 linker stubs
 *crtbegin.o(.ctors)
 *crtbegin?.o(.ctors)
 *(EXCLUDE_FILE(*crtend.o *crtend?.o) .ctors)
 *(SORT_BY_NAME(.ctors.*))
 *(.ctors)
 *crtbegin.o(.dtors)
 *crtbegin?.o(.dtors)
 *(EXCLUDE_FILE(*crtend.o *crtend?.o) .dtors)
 *(SORT_BY_NAME(.dtors.*))
 *(.dtors)
 *(.eh_frame*)
 .eh_frame      0x0000000010005a30        0x0 /usr/lib/gcc/arm-none-eabi/7.3.1/thumb/v6-m/crtbegin.o
                0x0000000010005a30                . = ALIGN (0x4)

.glue_7         0x0000000010005a30        0x0
 .glue_7        0x0000000010005a30        0x0 linker stubs

.glue_7t        0x0000000010005a30        0x0
 .glue_7t       0x0000000010005a30        0x0 linker stubs

.vfp11_veneer   0x0000000010005a30        0x0
 .vfp11_veneer  0x0000000010005a30        0x0 linker stubs

.v4_bx          0x0000000010005a30        0x0
 .v4_bx         0x0000000010005a30        0x0 linker stubs

.iplt           0x0000000010005a30        0x0
 .iplt          0x0000000010005a30        0x0 /usr/lib/gcc/arm-none-eabi/7.3.1/thumb/v6-m/crtbegin.o

.rodata         0x0000000010005a30      0x190
 *(EXCLUDE_FILE(*libm.a: *libc.a:*lib_a-mem*.o *libgcc.a:) .rodata*)
 .rodata        0x0000000010005a30       0x11 CMakeFiles/pico8system.dir/home/andreas/picosystem/libraries/hardware.cpp.obj
 *fill*         0x0000000010005a41        0x3 
 .rodata._ZL21screen_double_program
                0x0000000010005a44        0x6 CMakeFiles/pico8system.dir/home/andreas/picosystem/libraries/hardware.cpp.obj
 *fill*         0x0000000010005a4a        0x2 
 .rodata._ZL34screen_double_program_instructions
                0x0000000010005a4c       0x26 CMakeFiles/pico8system.dir/home/andreas/picosystem/libraries/hardware.cpp.obj
 *fill*         0x0000000010005a72        0x2 
 .rodata._ZN10picosystem14_init_hardwareEv.str1.4
                0x0000000010005a74       0x7b CMakeFiles/pico8system.dir/home/andreas/picosystem/libraries/hardware.cpp.obj
 *fill*         0x0000000010005aef        0x1 
 .rodata.hardware_alarm_claim.str1.4
                0x0000000010005af0       0x22 CMakeFiles/pico8system.dir/home/andreas/pico-sdk/src/rp2_common/hardware_timer/timer.c.obj
 *fill*         0x0000000010005b12        0x2 
 .rodata.hard_assertion_failure.str1.4
                0x0000000010005b14        0xc CMakeFiles/pico8system.dir/home/andreas/pico-sdk/src/rp2_common/pico_runtime/runtime.c.obj
 .rodata.panic.str1.4
                0x0000000010005b20       0x12 CMakeFiles/pico8system.dir/home/andreas/pico-sdk/src/rp2_common/pico_runtime/runtime.c.obj
 *fill*         0x0000000010005b32        0x2 
 .rodata.__wrap_malloc.str1.4
                0x0000000010005b34        0xe CMakeFiles/pico8system.dir/home/andreas/pico-sdk/src/rp2_common/pico_malloc/pico_malloc.c.obj
 *fill*         0x0000000010005b42        0x2 
 .rodata.__bi_44
                0x0000000010005b44        0xc CMakeFiles/pico8system.dir/home/andreas/pico-sdk/src/rp2_common/pico_standard_link/binary_info.c.obj
 .rodata.__bi_75
                0x0000000010005b50        0xc CMakeFiles/pico8system.dir/home/andreas/pico-sdk/src/rp2_common/pico_standard_link/binary_info.c.obj
 .rodata.__bi_81
                0x0000000010005b5c        0xc CMakeFiles/pico8system.dir/home/andreas/pico-sdk/src/rp2_common/pico_standard_link/binary_info.c.obj
 .rodata.str1.4
                0x0000000010005b68       0x40 CMakeFiles/pico8system.dir/home/andreas/pico-sdk/src/rp2_common/pico_standard_link/binary_info.c.obj
 .rodata.crlf_str.5958
                0x0000000010005ba8        0x2 CMakeFiles/pico8system.dir/home/andreas/pico-sdk/src/rp2_common/pico_stdio/stdio.c.obj
 *fill*         0x0000000010005baa        0x2 
 .rodata.pio_add_program.str1.4
                0x0000000010005bac       0x14 CMakeFiles/pico8system.dir/home/andreas/pico-sdk/src/rp2_common/hardware_pio/pio.c.obj
                                         0x11 (size before relaxing)
                0x0000000010005bc0                . = ALIGN (0x4)
 *(SORT_BY_ALIGNMENT(SORT_BY_NAME(.flashdata*)))
                0x0000000010005bc0                . = ALIGN (0x4)

.ARM.extab
 *(.ARM.extab* .gnu.linkonce.armextab.*)
                0x0000000010005bc0                __exidx_start = .

.ARM.exidx      0x0000000010005bc0        0x8
 *(.ARM.exidx* .gnu.linkonce.armexidx.*)
 .ARM.exidx.text.startup._GLOBAL__sub_I__ZN9__gnu_cxx9__freeresEv
                0x0000000010005bc0        0x8 /usr/lib/gcc/arm-none-eabi/7.3.1/../../../arm-none-eabi/lib/thumb/v6-m/libstdc++.a(eh_alloc.o)
                0x0000000010005bc8                __exidx_end = .

.rel.dyn        0x0000000010005bc8        0x0
 .rel.iplt      0x0000000010005bc8        0x0 /usr/lib/gcc/arm-none-eabi/7.3.1/thumb/v6-m/crtbegin.o
                0x0000000010005bc8                . = ALIGN (0x4)
                0x0000000010005bc8                __binary_info_start = .

.binary_info    0x0000000010005bc8       0x1c
 *(.binary_info.keep.*)
 .binary_info.keep.__bi_ptr22
                0x0000000010005bc8        0x4 CMakeFiles/pico8system.dir/home/andreas/pico-sdk/src/rp2_common/pico_standard_link/binary_info.c.obj
 .binary_info.keep.__bi_ptr30
                0x0000000010005bcc        0x4 CMakeFiles/pico8system.dir/home/andreas/pico-sdk/src/rp2_common/pico_standard_link/binary_info.c.obj
 .binary_info.keep.__bi_ptr38
                0x0000000010005bd0        0x4 CMakeFiles/pico8system.dir/home/andreas/pico-sdk/src/rp2_common/pico_standard_link/binary_info.c.obj
 .binary_info.keep.__bi_ptr44
                0x0000000010005bd4        0x4 CMakeFiles/pico8system.dir/home/andreas/pico-sdk/src/rp2_common/pico_standard_link/binary_info.c.obj
 .binary_info.keep.__bi_ptr50
                0x0000000010005bd8        0x4 CMakeFiles/pico8system.dir/home/andreas/pico-sdk/src/rp2_common/pico_standard_link/binary_info.c.obj
 .binary_info.keep.__bi_ptr75
                0x0000000010005bdc        0x4 CMakeFiles/pico8system.dir/home/andreas/pico-sdk/src/rp2_common/pico_standard_link/binary_info.c.obj
 .binary_info.keep.__bi_ptr81
                0x0000000010005be0        0x4 CMakeFiles/pico8system.dir/home/andreas/pico-sdk/src/rp2_common/pico_standard_link/binary_info.c.obj
 *(.binary_info.*)
                0x0000000010005be4                __binary_info_end = .
                0x0000000010005be4                . = ALIGN (0x4)
                0x0000000010005be4                __etext = .

.ram_vector_table
                0x0000000020000000       0xc0
 *(.ram_vector_table)
 .ram_vector_table
                0x0000000020000000       0xc0 CMakeFiles/pico8system.dir/home/andreas/pico-sdk/src/rp2_common/pico_runtime/runtime.c.obj
                0x0000000020000000                ram_vector_table

.data           0x00000000200000c0     0x4a88 load address 0x0000000010005be4
                0x00000000200000c0                __data_start__ = .
 *(vtable)
 *(.time_critical*)
 .time_critical.mutex_enter_blocking
                0x00000000200000c0       0x60 CMakeFiles/pico8system.dir/home/andreas/pico-sdk/src/common/pico_sync/mutex.c.obj
                0x00000000200000c0                mutex_enter_blocking
 .time_critical.mutex_try_enter
                0x0000000020000120       0x5c CMakeFiles/pico8system.dir/home/andreas/pico-sdk/src/common/pico_sync/mutex.c.obj
                0x0000000020000120                mutex_try_enter
 .time_critical.mutex_exit
                0x000000002000017c       0x58 CMakeFiles/pico8system.dir/home/andreas/pico-sdk/src/common/pico_sync/mutex.c.obj
                0x000000002000017c                mutex_exit
 .time_critical.spi_write_blocking
                0x00000000200001d4       0x4c CMakeFiles/pico8system.dir/home/andreas/pico-sdk/src/rp2_common/hardware_spi/spi.c.obj
                0x00000000200001d4                spi_write_blocking
 *(.text*)
 .text          0x0000000020000220        0x4 /usr/lib/gcc/arm-none-eabi/7.3.1/thumb/v6-m/libgcc.a(_dvmd_tls.o)
                0x0000000020000220                __aeabi_ldiv0
                0x0000000020000220                __aeabi_idiv0
                0x0000000020000224                . = ALIGN (0x4)
 *(.rodata*)
                0x0000000020000224                . = ALIGN (0x4)
 *(.data*)
 .data._ZL10spritedata
                0x0000000020000224     0x4000 CMakeFiles/pico8system.dir/main.cpp.obj
 .data._ZN10picosystem2_aE
                0x0000000020004224        0x1 CMakeFiles/pico8system.dir/home/andreas/picosystem/libraries/picosystem.cpp.obj
                0x0000000020004224                picosystem::_a
 *fill*         0x0000000020004225        0x3 
 .data._ZN10picosystem3_bfE
                0x0000000020004228        0x4 CMakeFiles/pico8system.dir/home/andreas/picosystem/libraries/picosystem.cpp.obj
                0x0000000020004228                picosystem::_bf
 .data._ZN10picosystem3_chE
                0x000000002000422c        0x4 CMakeFiles/pico8system.dir/home/andreas/picosystem/libraries/picosystem.cpp.obj
                0x000000002000422c                picosystem::_ch
 .data._ZN10picosystem3_cwE
                0x0000000020004230        0x4 CMakeFiles/pico8system.dir/home/andreas/picosystem/libraries/picosystem.cpp.obj
                0x0000000020004230                picosystem::_cw
 .data._ZN10picosystem7_volumeE
                0x0000000020004234        0x4 CMakeFiles/pico8system.dir/home/andreas/picosystem/libraries/audio.cpp.obj
                0x0000000020004234                picosystem::_volume
 .data._ZN10picosystem10screen_pioE
                0x0000000020004238        0x4 CMakeFiles/pico8system.dir/home/andreas/picosystem/libraries/hardware.cpp.obj
                0x0000000020004238                picosystem::screen_pio
 .data._ZN10picosystem12dma_scanlineE
                0x000000002000423c        0x2 CMakeFiles/pico8system.dir/home/andreas/picosystem/libraries/hardware.cpp.obj
                0x000000002000423c                picosystem::dma_scanline
 *fill*         0x000000002000423e        0x2 
 .data._ZN10picosystem15_audio_pwm_wrapE
                0x0000000020004240        0x4 CMakeFiles/pico8system.dir/home/andreas/picosystem/libraries/hardware.cpp.obj
                0x0000000020004240                picosystem::_audio_pwm_wrap
 .data.striped_spin_lock_num
                0x0000000020004244        0x1 CMakeFiles/pico8system.dir/home/andreas/pico-sdk/src/rp2_common/hardware_sync/sync.c.obj
 *fill*         0x0000000020004245        0x3 
 .data.default_alarm_pool
                0x0000000020004248       0x18 CMakeFiles/pico8system.dir/home/andreas/pico-sdk/src/common/pico_time/time.c.obj
 .data.default_alarm_pool_heap
                0x0000000020004260       0x10 CMakeFiles/pico8system.dir/home/andreas/pico-sdk/src/common/pico_time/time.c.obj
 .data          0x0000000020004270       0x48 CMakeFiles/pico8system.dir/home/andreas/pico-sdk/src/rp2_common/hardware_irq/irq_handler_chain.S.obj
                0x0000000020004270                irq_handler_chain_slots
                0x00000000200042a0                irq_handler_chain_first_slot
                0x00000000200042aa                irq_handler_chain_remove_tail
 *fill*         0x00000000200042b8        0x8 
 .data.aeabi_bits_funcs
                0x00000000200042c0       0x10 CMakeFiles/pico8system.dir/home/andreas/pico-sdk/src/rp2_common/pico_bit_ops/bit_ops_aeabi.S.obj
                0x00000000200042c0                aeabi_bits_funcs
                0x00000000200042d0                aeabi_bits_funcs_end
 .data.aeabi_mem_funcs
                0x00000000200042d0       0x10 CMakeFiles/pico8system.dir/home/andreas/pico-sdk/src/rp2_common/pico_mem_ops/mem_ops_aeabi.S.obj
                0x00000000200042d0                aeabi_mem_funcs
                0x00000000200042e0                aeabi_mem_funcs_end
 .data          0x00000000200042e0      0x430 /usr/lib/gcc/arm-none-eabi/7.3.1/../../../arm-none-eabi/lib/thumb/v6-m/libc.a(lib_a-impure.o)
                0x00000000200042e0                _impure_ptr
 .data          0x0000000020004710      0x410 /usr/lib/gcc/arm-none-eabi/7.3.1/../../../arm-none-eabi/lib/thumb/v6-m/libc.a(lib_a-mallocr.o)
                0x0000000020004710                __malloc_sbrk_base
                0x0000000020004714                __malloc_trim_threshold
                0x0000000020004718                __malloc_av_
                0x0000000020004b20                . = ALIGN (0x4)
 *(.after_data.*)
                0x0000000020004b20                . = ALIGN (0x4)
                0x0000000020004b20                PROVIDE (__mutex_array_start = .)
 *(SORT_BY_NAME(.mutex_array.*))
 *(.mutex_array)
 .mutex_array   0x0000000020004b20        0x8 CMakeFiles/pico8system.dir/home/andreas/pico-sdk/src/rp2_common/pico_stdio/stdio.c.obj
                0x0000000020004b28                PROVIDE (__mutex_array_end = .)
                0x0000000020004b28                . = ALIGN (0x4)
                0x0000000020004b28                PROVIDE (__preinit_array_start = .)
 *(SORT_BY_NAME(.preinit_array.*))
 .preinit_array.00001
                0x0000000020004b28        0x4 CMakeFiles/pico8system.dir/home/andreas/pico-sdk/src/rp2_common/pico_mem_ops/mem_ops_aeabi.S.obj
 .preinit_array.00010
                0x0000000020004b2c        0x4 CMakeFiles/pico8system.dir/home/andreas/pico-sdk/src/rp2_common/pico_bit_ops/bit_ops_aeabi.S.obj
 .preinit_array.00020
                0x0000000020004b30        0x4 CMakeFiles/pico8system.dir/home/andreas/pico-sdk/src/rp2_common/pico_double/double_aeabi.S.obj
 .preinit_array.00020
                0x0000000020004b34        0x4 CMakeFiles/pico8system.dir/home/andreas/pico-sdk/src/rp2_common/pico_float/float_aeabi.S.obj
 *(.preinit_array)
                0x0000000020004b38                PROVIDE (__preinit_array_end = .)
                0x0000000020004b38                . = ALIGN (0x4)
                0x0000000020004b38                PROVIDE (__init_array_start = .)
 *(SORT_BY_NAME(.init_array.*))
 *(.init_array)
 .init_array    0x0000000020004b38        0x4 /usr/lib/gcc/arm-none-eabi/7.3.1/thumb/v6-m/crtbegin.o
 .init_array    0x0000000020004b3c        0x4 CMakeFiles/pico8system.dir/main.cpp.obj
 .init_array    0x0000000020004b40        0x4 CMakeFiles/pico8system.dir/home/andreas/picosystem/libraries/picosystem.cpp.obj
 .init_array    0x0000000020004b44        0x4 /usr/lib/gcc/arm-none-eabi/7.3.1/../../../arm-none-eabi/lib/thumb/v6-m/libstdc++.a(eh_alloc.o)
                0x0000000020004b48                PROVIDE (__init_array_end = .)
                0x0000000020004b48                . = ALIGN (0x4)
                0x0000000020004b48                PROVIDE (__fini_array_start = .)
 *(SORT_BY_NAME(.fini_array.*))
 *(.fini_array)
                0x0000000020004b48                PROVIDE (__fini_array_end = .)
 *(.jcr)
                0x0000000020004b48                . = ALIGN (0x4)
                0x0000000020004b48                __data_end__ = .

.tm_clone_table
                0x0000000020004b48        0x0 load address 0x000000001000a66c
 .tm_clone_table
                0x0000000020004b48        0x0 /usr/lib/gcc/arm-none-eabi/7.3.1/thumb/v6-m/crtbegin.o
 .tm_clone_table
                0x0000000020004b48        0x0 /usr/lib/gcc/arm-none-eabi/7.3.1/thumb/v6-m/crtend.o

.igot.plt       0x0000000020004b48        0x0 load address 0x000000001000a66c
 .igot.plt      0x0000000020004b48        0x0 /usr/lib/gcc/arm-none-eabi/7.3.1/thumb/v6-m/crtbegin.o

.uninitialized_data
                0x0000000020004b48        0x0 load address 0x000000001000a66c
                0x0000000020004b48                . = ALIGN (0x4)
 *(.uninitialized_data*)

.scratch_x      0x0000000020040000        0x0 load address 0x000000001000a66c
                0x0000000020040000                __scratch_x_start__ = .
 *(.scratch_x.*)
                0x0000000020040000                . = ALIGN (0x4)
                0x0000000020040000                __scratch_x_end__ = .
                0x000000001000a66c                __scratch_x_source__ = LOADADDR (.scratch_x)

.scratch_y      0x0000000020041000        0x0 load address 0x000000001000a66c
                0x0000000020041000                __scratch_y_start__ = .
 *(.scratch_y.*)
                0x0000000020041000                . = ALIGN (0x4)
                0x0000000020041000                __scratch_y_end__ = .
                0x000000001000a66c                __scratch_y_source__ = LOADADDR (.scratch_y)

.bss            0x0000000020004b48     0x79bc
                0x0000000020004b48                . = ALIGN (0x4)
                0x0000000020004b48                __bss_start__ = .
 *(SORT_BY_ALIGNMENT(SORT_BY_NAME(.bss*)))
 .bss._ZN10picosystem19_audio_update_timerE
                0x0000000020004b48       0x18 CMakeFiles/pico8system.dir/home/andreas/picosystem/libraries/hardware.cpp.obj
                0x0000000020004b48                picosystem::_audio_update_timer
 .bss.default_alarm_pool_entries
                0x0000000020004b60      0x100 CMakeFiles/pico8system.dir/home/andreas/pico-sdk/src/common/pico_time/time.c.obj
 .bss           0x0000000020004c60       0x1c /usr/lib/gcc/arm-none-eabi/7.3.1/thumb/v6-m/crtbegin.o
 .bss           0x0000000020004c7c       0x34 /usr/lib/gcc/arm-none-eabi/7.3.1/../../../arm-none-eabi/lib/thumb/v6-m/libc.a(lib_a-mallocr.o)
                0x0000000020004c7c                __malloc_top_pad
                0x0000000020004c80                __malloc_current_mallinfo
                0x0000000020004ca8                __malloc_max_sbrked_mem
                0x0000000020004cac                __malloc_max_total_mem
 .bss._ZN10picosystem10_frequencyE
                0x0000000020004cb0        0x4 CMakeFiles/pico8system.dir/home/andreas/picosystem/libraries/audio.cpp.obj
                0x0000000020004cb0                picosystem::_frequency
 .bss._ZN10picosystem11dma_channelE
                0x0000000020004cb4        0x4 CMakeFiles/pico8system.dir/home/andreas/picosystem/libraries/hardware.cpp.obj
                0x0000000020004cb4                picosystem::dma_channel
 .bss._ZN10picosystem16_start_frequencyE
                0x0000000020004cb8        0x4 CMakeFiles/pico8system.dir/home/andreas/picosystem/libraries/audio.cpp.obj
                0x0000000020004cb8                picosystem::_start_frequency
 .bss._ZN10picosystem3_cxE
                0x0000000020004cbc        0x4 CMakeFiles/pico8system.dir/home/andreas/picosystem/libraries/picosystem.cpp.obj
                0x0000000020004cbc                picosystem::_cx
 .bss._ZN10picosystem3_cyE
                0x0000000020004cc0        0x4 CMakeFiles/pico8system.dir/home/andreas/picosystem/libraries/picosystem.cpp.obj
                0x0000000020004cc0                picosystem::_cy
 .bss._ZN10picosystem3_dtE
                0x0000000020004cc4        0x4 CMakeFiles/pico8system.dir/home/andreas/picosystem/libraries/picosystem.cpp.obj
                0x0000000020004cc4                picosystem::_dt
 .bss._ZN10picosystem3_fbE
                0x0000000020004cc8     0x7080 CMakeFiles/pico8system.dir/home/andreas/picosystem/libraries/picosystem.cpp.obj
                0x0000000020004cc8                picosystem::_fb
 .bss._ZN10picosystem3_ioE
                0x000000002000bd48        0x4 CMakeFiles/pico8system.dir/home/andreas/picosystem/libraries/picosystem.cpp.obj
                0x000000002000bd48                picosystem::_io
 .bss._ZN10picosystem3_msE
                0x000000002000bd4c        0x4 CMakeFiles/pico8system.dir/home/andreas/picosystem/libraries/audio.cpp.obj
                0x000000002000bd4c                picosystem::_ms
 .bss._ZN10picosystem3_ssE
                0x000000002000bd50        0x4 CMakeFiles/pico8system.dir/home/andreas/picosystem/libraries/picosystem.cpp.obj
                0x000000002000bd50                picosystem::_ss
 .bss._ZN10picosystem3_txE
                0x000000002000bd54        0x4 CMakeFiles/pico8system.dir/home/andreas/picosystem/libraries/picosystem.cpp.obj
                0x000000002000bd54                picosystem::_tx
 .bss._ZN10picosystem3_tyE
                0x000000002000bd58        0x4 CMakeFiles/pico8system.dir/home/andreas/picosystem/libraries/picosystem.cpp.obj
                0x000000002000bd58                picosystem::_ty
 .bss._ZN10picosystem4_lioE
                0x000000002000bd5c        0x4 CMakeFiles/pico8system.dir/home/andreas/picosystem/libraries/picosystem.cpp.obj
                0x000000002000bd5c                picosystem::_lio
 .bss._ZN10picosystem5_camxE
                0x000000002000bd60        0x4 CMakeFiles/pico8system.dir/home/andreas/picosystem/libraries/picosystem.cpp.obj
                0x000000002000bd60                picosystem::_camx
 .bss._ZN10picosystem5_camyE
                0x000000002000bd64        0x4 CMakeFiles/pico8system.dir/home/andreas/picosystem/libraries/picosystem.cpp.obj
                0x000000002000bd64                picosystem::_camy
 .bss._ZN10picosystem5statsE
                0x000000002000bd68       0x18 CMakeFiles/pico8system.dir/home/andreas/picosystem/libraries/picosystem.cpp.obj
                0x000000002000bd68                picosystem::stats
 .bss._ZN10picosystem6SCREENE
                0x000000002000bd80        0x4 CMakeFiles/pico8system.dir/home/andreas/picosystem/libraries/picosystem.cpp.obj
                0x000000002000bd80                picosystem::SCREEN
 .bss._ZN10picosystem6_voiceE
                0x000000002000bd84       0x24 CMakeFiles/pico8system.dir/home/andreas/picosystem/libraries/audio.cpp.obj
                0x000000002000bd84                picosystem::_voice
 .bss._ZN10picosystem9_durationE
                0x000000002000bda8        0x4 CMakeFiles/pico8system.dir/home/andreas/picosystem/libraries/audio.cpp.obj
                0x000000002000bda8                picosystem::_duration
 .bss._ZN10picosystem9_fsin_lutE
                0x000000002000bdac      0x400 CMakeFiles/pico8system.dir/home/andreas/picosystem/libraries/utility.cpp.obj
                0x000000002000bdac                picosystem::_fsin_lut
 .bss._ZN10picosystem9screen_smE
                0x000000002000c1ac        0x4 CMakeFiles/pico8system.dir/home/andreas/picosystem/libraries/hardware.cpp.obj
                0x000000002000c1ac                picosystem::screen_sm
 .bss._ZN12_GLOBAL__N_114emergency_poolE
                0x000000002000c1b0       0x10 /usr/lib/gcc/arm-none-eabi/7.3.1/../../../arm-none-eabi/lib/thumb/v6-m/libstdc++.a(eh_alloc.o)
 .bss._ZN5pico812draw_paletteE
                0x000000002000c1c0       0x20 CMakeFiles/pico8system.dir/main.cpp.obj
                0x000000002000c1c0                pico8::draw_palette
 .bss._ZN5pico814secret_paletteE
                0x000000002000c1e0       0x20 CMakeFiles/pico8system.dir/main.cpp.obj
                0x000000002000c1e0                pico8::secret_palette
 .bss._ZN5pico814system_paletteE
                0x000000002000c200       0x20 CMakeFiles/pico8system.dir/main.cpp.obj
                0x000000002000c200                pico8::system_palette
 .bss._ZN5pico817secondary_paletteE
                0x000000002000c220       0x20 CMakeFiles/pico8system.dir/main.cpp.obj
                0x000000002000c220                pico8::secondary_palette
 .bss._used_instruction_space
                0x000000002000c240        0x8 CMakeFiles/pico8system.dir/home/andreas/pico-sdk/src/rp2_common/hardware_pio/pio.c.obj
 .bss.alarm_callbacks
                0x000000002000c248       0x10 CMakeFiles/pico8system.dir/home/andreas/pico-sdk/src/rp2_common/hardware_timer/timer.c.obj
 .bss.configured_freq
                0x000000002000c258       0x28 CMakeFiles/pico8system.dir/home/andreas/pico-sdk/src/rp2_common/hardware_clocks/clocks.c.obj
 .bss.default_alarm_pool_entry_ids_high
                0x000000002000c280       0x10 CMakeFiles/pico8system.dir/home/andreas/pico-sdk/src/common/pico_time/time.c.obj
 .bss.default_alarm_pool_heap_nodes
                0x000000002000c290       0x30 CMakeFiles/pico8system.dir/home/andreas/pico-sdk/src/common/pico_time/time.c.obj
 .bss.drivers   0x000000002000c2c0        0x4 CMakeFiles/pico8system.dir/home/andreas/pico-sdk/src/rp2_common/pico_stdio/stdio.c.obj
 .bss.filter    0x000000002000c2c4        0x4 CMakeFiles/pico8system.dir/home/andreas/pico-sdk/src/rp2_common/pico_stdio/stdio.c.obj
 .bss.heap_end.5758
                0x000000002000c2c8        0x4 CMakeFiles/pico8system.dir/home/andreas/pico-sdk/src/rp2_common/pico_runtime/runtime.c.obj
 .bss.lazy_vsnprintf
                0x000000002000c2cc        0x4 CMakeFiles/pico8system.dir/home/andreas/pico-sdk/src/rp2_common/pico_printf/printf.c.obj
 .bss.pools     0x000000002000c2d0       0x10 CMakeFiles/pico8system.dir/home/andreas/pico-sdk/src/common/pico_time/time.c.obj
 .bss.sleep_notifier
                0x000000002000c2e0        0x4 CMakeFiles/pico8system.dir/home/andreas/pico-sdk/src/common/pico_time/time.c.obj
 .bss.target_hi
                0x000000002000c2e4       0x10 CMakeFiles/pico8system.dir/home/andreas/pico-sdk/src/rp2_common/hardware_timer/timer.c.obj
 .bss._ZN10picosystem4_penE
                0x000000002000c2f4        0x2 CMakeFiles/pico8system.dir/home/andreas/picosystem/libraries/picosystem.cpp.obj
                0x000000002000c2f4                picosystem::_pen
 .bss._ZN10picosystem8_in_flipE
                0x000000002000c2f6        0x1 CMakeFiles/pico8system.dir/home/andreas/picosystem/libraries/hardware.cpp.obj
                0x000000002000c2f6                picosystem::_in_flip
 .bss.claimed   0x000000002000c2f7        0x1 CMakeFiles/pico8system.dir/home/andreas/pico-sdk/src/rp2_common/hardware_timer/timer.c.obj
 .bss.irq_hander_chain_free_slot_head
                0x000000002000c2f8        0x1 CMakeFiles/pico8system.dir/home/andreas/pico-sdk/src/rp2_common/hardware_irq/irq.c.obj
 .bss.timer_callbacks_pending
                0x000000002000c2f9        0x1 CMakeFiles/pico8system.dir/home/andreas/pico-sdk/src/rp2_common/hardware_timer/timer.c.obj
 *(COMMON)
 *fill*         0x000000002000c2fa        0x2 
 COMMON         0x000000002000c2fc      0x100 CMakeFiles/pico8system.dir/home/andreas/pico-sdk/src/rp2_common/pico_double/double_init_rom.c.obj
                0x000000002000c2fc                sd_table
 COMMON         0x000000002000c3fc      0x104 CMakeFiles/pico8system.dir/home/andreas/pico-sdk/src/rp2_common/pico_float/float_init_rom.c.obj
                0x000000002000c3fc                sf_table
                0x000000002000c4fc                sf_clz_func
 COMMON         0x000000002000c500        0x4 /usr/lib/gcc/arm-none-eabi/7.3.1/../../../arm-none-eabi/lib/thumb/v6-m/libc.a(lib_a-reent.o)
                0x000000002000c500                errno
                0x000000002000c504                . = ALIGN (0x4)
                0x000000002000c504                __bss_end__ = .

.heap           0x000000002000c504      0x800
                0x000000002000c504                __end__ = .
                0x000000002000c504                end = __end__
 *(.heap*)
 .heap          0x000000002000c504      0x800 CMakeFiles/pico8system.dir/home/andreas/pico-sdk/src/rp2_common/pico_standard_link/crt0.S.obj
                0x000000002000cd04                __HeapLimit = .

.stack1_dummy   0x0000000020040000        0x0
 *(.stack1*)

.stack_dummy    0x0000000020041000      0x800
 *(.stack*)
 .stack         0x0000000020041000      0x800 CMakeFiles/pico8system.dir/home/andreas/pico-sdk/src/rp2_common/pico_standard_link/crt0.S.obj

.flash_end      0x000000001000a66c        0x0
                0x000000001000a66c                __flash_binary_end = .
                0x0000000020040000                __StackLimit = (ORIGIN (RAM) + LENGTH (RAM))
                0x0000000020041000                __StackOneTop = (ORIGIN (SCRATCH_X) + LENGTH (SCRATCH_X))
                0x0000000020042000                __StackTop = (ORIGIN (SCRATCH_Y) + LENGTH (SCRATCH_Y))
                0x0000000020041000                __StackOneBottom = (__StackOneTop - SIZEOF (.stack1_dummy))
                0x0000000020041800                __StackBottom = (__StackTop - SIZEOF (.stack_dummy))
                0x0000000020042000                PROVIDE (__stack = __StackTop)
                0x0000000000000001                ASSERT ((__StackLimit >= __HeapLimit), region RAM overflowed)
                0x0000000000000001                ASSERT (((__binary_info_header_end - __logical_binary_start) <= 0x100), Binary info must be in first 256 bytes of the binary)
LOAD CMakeFiles/pico8system.dir/main.cpp.obj
LOAD CMakeFiles/pico8system.dir/home/andreas/picosystem/libraries/picosystem.cpp.obj
LOAD CMakeFiles/pico8system.dir/home/andreas/picosystem/libraries/blend.cpp.obj
LOAD CMakeFiles/pico8system.dir/home/andreas/picosystem/libraries/audio.cpp.obj
LOAD CMakeFiles/pico8system.dir/home/andreas/picosystem/libraries/state.cpp.obj
LOAD CMakeFiles/pico8system.dir/home/andreas/picosystem/libraries/primitives.cpp.obj
LOAD CMakeFiles/pico8system.dir/home/andreas/picosystem/libraries/text.cpp.obj
LOAD CMakeFiles/pico8system.dir/home/andreas/picosystem/libraries/utility.cpp.obj
LOAD CMakeFiles/pico8system.dir/home/andreas/picosystem/libraries/hardware.cpp.obj
LOAD CMakeFiles/pico8system.dir/home/andreas/picosystem/libraries/assets.cpp.obj
LOAD CMakeFiles/pico8system.dir/home/andreas/pico-sdk/src/rp2_common/pico_stdlib/stdlib.c.obj
LOAD CMakeFiles/pico8system.dir/home/andreas/pico-sdk/src/rp2_common/hardware_gpio/gpio.c.obj
LOAD CMakeFiles/pico8system.dir/home/andreas/pico-sdk/src/rp2_common/hardware_claim/claim.c.obj
LOAD CMakeFiles/pico8system.dir/home/andreas/pico-sdk/src/rp2_common/pico_platform/platform.c.obj
LOAD CMakeFiles/pico8system.dir/home/andreas/pico-sdk/src/rp2_common/hardware_sync/sync.c.obj
LOAD CMakeFiles/pico8system.dir/home/andreas/pico-sdk/src/rp2_common/hardware_uart/uart.c.obj
LOAD CMakeFiles/pico8system.dir/home/andreas/pico-sdk/src/rp2_common/hardware_divider/divider.S.obj
LOAD CMakeFiles/pico8system.dir/home/andreas/pico-sdk/src/common/pico_time/time.c.obj
LOAD CMakeFiles/pico8system.dir/home/andreas/pico-sdk/src/common/pico_time/timeout_helper.c.obj
LOAD CMakeFiles/pico8system.dir/home/andreas/pico-sdk/src/rp2_common/hardware_timer/timer.c.obj
LOAD CMakeFiles/pico8system.dir/home/andreas/pico-sdk/src/common/pico_sync/sem.c.obj
LOAD CMakeFiles/pico8system.dir/home/andreas/pico-sdk/src/common/pico_sync/lock_core.c.obj
LOAD CMakeFiles/pico8system.dir/home/andreas/pico-sdk/src/common/pico_sync/mutex.c.obj
LOAD CMakeFiles/pico8system.dir/home/andreas/pico-sdk/src/common/pico_sync/critical_section.c.obj
LOAD CMakeFiles/pico8system.dir/home/andreas/pico-sdk/src/common/pico_util/datetime.c.obj
LOAD CMakeFiles/pico8system.dir/home/andreas/pico-sdk/src/common/pico_util/pheap.c.obj
LOAD CMakeFiles/pico8system.dir/home/andreas/pico-sdk/src/common/pico_util/queue.c.obj
LOAD CMakeFiles/pico8system.dir/home/andreas/pico-sdk/src/rp2_common/pico_runtime/runtime.c.obj
LOAD CMakeFiles/pico8system.dir/home/andreas/pico-sdk/src/rp2_common/hardware_clocks/clocks.c.obj
LOAD CMakeFiles/pico8system.dir/home/andreas/pico-sdk/src/rp2_common/hardware_irq/irq.c.obj
LOAD CMakeFiles/pico8system.dir/home/andreas/pico-sdk/src/rp2_common/hardware_irq/irq_handler_chain.S.obj
LOAD CMakeFiles/pico8system.dir/home/andreas/pico-sdk/src/rp2_common/hardware_pll/pll.c.obj
LOAD CMakeFiles/pico8system.dir/home/andreas/pico-sdk/src/rp2_common/hardware_vreg/vreg.c.obj
LOAD CMakeFiles/pico8system.dir/home/andreas/pico-sdk/src/rp2_common/hardware_watchdog/watchdog.c.obj
LOAD CMakeFiles/pico8system.dir/home/andreas/pico-sdk/src/rp2_common/hardware_xosc/xosc.c.obj
LOAD CMakeFiles/pico8system.dir/home/andreas/pico-sdk/src/rp2_common/pico_printf/printf.c.obj
LOAD CMakeFiles/pico8system.dir/home/andreas/pico-sdk/src/rp2_common/pico_bit_ops/bit_ops_aeabi.S.obj
LOAD CMakeFiles/pico8system.dir/home/andreas/pico-sdk/src/rp2_common/pico_bootrom/bootrom.c.obj
LOAD CMakeFiles/pico8system.dir/home/andreas/pico-sdk/src/rp2_common/pico_divider/divider.S.obj
LOAD CMakeFiles/pico8system.dir/home/andreas/pico-sdk/src/rp2_common/pico_double/double_aeabi.S.obj
LOAD CMakeFiles/pico8system.dir/home/andreas/pico-sdk/src/rp2_common/pico_double/double_init_rom.c.obj
LOAD CMakeFiles/pico8system.dir/home/andreas/pico-sdk/src/rp2_common/pico_double/double_math.c.obj
LOAD CMakeFiles/pico8system.dir/home/andreas/pico-sdk/src/rp2_common/pico_double/double_v1_rom_shim.S.obj
LOAD CMakeFiles/pico8system.dir/home/andreas/pico-sdk/src/rp2_common/pico_int64_ops/pico_int64_ops_aeabi.S.obj
LOAD CMakeFiles/pico8system.dir/home/andreas/pico-sdk/src/rp2_common/pico_float/float_aeabi.S.obj
LOAD CMakeFiles/pico8system.dir/home/andreas/pico-sdk/src/rp2_common/pico_float/float_init_rom.c.obj
LOAD CMakeFiles/pico8system.dir/home/andreas/pico-sdk/src/rp2_common/pico_float/float_math.c.obj
LOAD CMakeFiles/pico8system.dir/home/andreas/pico-sdk/src/rp2_common/pico_float/float_v1_rom_shim.S.obj
LOAD CMakeFiles/pico8system.dir/home/andreas/pico-sdk/src/rp2_common/pico_malloc/pico_malloc.c.obj
LOAD CMakeFiles/pico8system.dir/home/andreas/pico-sdk/src/rp2_common/pico_mem_ops/mem_ops_aeabi.S.obj
LOAD CMakeFiles/pico8system.dir/home/andreas/pico-sdk/src/rp2_common/pico_standard_link/crt0.S.obj
LOAD CMakeFiles/pico8system.dir/home/andreas/pico-sdk/src/rp2_common/pico_standard_link/new_delete.cpp.obj
LOAD CMakeFiles/pico8system.dir/home/andreas/pico-sdk/src/rp2_common/pico_standard_link/binary_info.c.obj
LOAD CMakeFiles/pico8system.dir/home/andreas/pico-sdk/src/rp2_common/pico_stdio/stdio.c.obj
LOAD CMakeFiles/pico8system.dir/home/andreas/pico-sdk/src/rp2_common/pico_stdio_uart/stdio_uart.c.obj
LOAD CMakeFiles/pico8system.dir/home/andreas/pico-sdk/src/rp2_common/hardware_pio/pio.c.obj
LOAD CMakeFiles/pico8system.dir/home/andreas/pico-sdk/src/rp2_common/hardware_spi/spi.c.obj
LOAD CMakeFiles/pico8system.dir/home/andreas/pico-sdk/src/rp2_common/hardware_dma/dma.c.obj
LOAD CMakeFiles/pico8system.dir/home/andreas/pico-sdk/src/rp2_common/hardware_adc/adc.c.obj
LOAD CMakeFiles/pico8system.dir/home/andreas/pico-sdk/src/rp2_common/hardware_interp/interp.c.obj
LOAD /tmp/cczNArTT.o
LOAD /usr/lib/gcc/arm-none-eabi/7.3.1/../../../arm-none-eabi/lib/thumb/v6-m/libstdc++.a
LOAD /usr/lib/gcc/arm-none-eabi/7.3.1/../../../arm-none-eabi/lib/thumb/v6-m/libm.a
START GROUP
LOAD /usr/lib/gcc/arm-none-eabi/7.3.1/thumb/v6-m/libgcc.a
LOAD /usr/lib/gcc/arm-none-eabi/7.3.1/../../../arm-none-eabi/lib/thumb/v6-m/libc.a
END GROUP
START GROUP
LOAD /usr/lib/gcc/arm-none-eabi/7.3.1/thumb/v6-m/libgcc.a
LOAD /usr/lib/gcc/arm-none-eabi/7.3.1/../../../arm-none-eabi/lib/thumb/v6-m/libc.a
LOAD /usr/lib/gcc/arm-none-eabi/7.3.1/../../../arm-none-eabi/lib/thumb/v6-m/libnosys.a
END GROUP
LOAD /usr/lib/gcc/arm-none-eabi/7.3.1/thumb/v6-m/crtend.o
LOAD /usr/lib/gcc/arm-none-eabi/7.3.1/thumb/v6-m/crtn.o
OUTPUT(pico8system.elf elf32-littlearm)

.ARM.attributes
                0x0000000000000000       0x28
 .ARM.attributes
                0x0000000000000000       0x1e /usr/lib/gcc/arm-none-eabi/7.3.1/thumb/v6-m/crti.o
 .ARM.attributes
                0x000000000000001e       0x2c /usr/lib/gcc/arm-none-eabi/7.3.1/thumb/v6-m/crtbegin.o
 .ARM.attributes
                0x000000000000004a       0x32 CMakeFiles/pico8system.dir/main.cpp.obj
 .ARM.attributes
                0x000000000000007c       0x32 CMakeFiles/pico8system.dir/home/andreas/picosystem/libraries/picosystem.cpp.obj
 .ARM.attributes
                0x00000000000000ae       0x32 CMakeFiles/pico8system.dir/home/andreas/picosystem/libraries/blend.cpp.obj
 .ARM.attributes
                0x00000000000000e0       0x32 CMakeFiles/pico8system.dir/home/andreas/picosystem/libraries/audio.cpp.obj
 .ARM.attributes
                0x0000000000000112       0x32 CMakeFiles/pico8system.dir/home/andreas/picosystem/libraries/state.cpp.obj
 .ARM.attributes
                0x0000000000000144       0x32 CMakeFiles/pico8system.dir/home/andreas/picosystem/libraries/utility.cpp.obj
 .ARM.attributes
                0x0000000000000176       0x32 CMakeFiles/pico8system.dir/home/andreas/picosystem/libraries/hardware.cpp.obj
 .ARM.attributes
                0x00000000000001a8       0x32 CMakeFiles/pico8system.dir/home/andreas/pico-sdk/src/rp2_common/pico_stdlib/stdlib.c.obj
 .ARM.attributes
                0x00000000000001da       0x32 CMakeFiles/pico8system.dir/home/andreas/pico-sdk/src/rp2_common/hardware_gpio/gpio.c.obj
 .ARM.attributes
                0x000000000000020c       0x32 CMakeFiles/pico8system.dir/home/andreas/pico-sdk/src/rp2_common/hardware_claim/claim.c.obj
 .ARM.attributes
                0x000000000000023e       0x32 CMakeFiles/pico8system.dir/home/andreas/pico-sdk/src/rp2_common/pico_platform/platform.c.obj
 .ARM.attributes
                0x0000000000000270       0x32 CMakeFiles/pico8system.dir/home/andreas/pico-sdk/src/rp2_common/hardware_sync/sync.c.obj
 .ARM.attributes
                0x00000000000002a2       0x32 CMakeFiles/pico8system.dir/home/andreas/pico-sdk/src/common/pico_time/time.c.obj
 .ARM.attributes
                0x00000000000002d4       0x32 CMakeFiles/pico8system.dir/home/andreas/pico-sdk/src/rp2_common/hardware_timer/timer.c.obj
 .ARM.attributes
                0x0000000000000306       0x32 CMakeFiles/pico8system.dir/home/andreas/pico-sdk/src/common/pico_sync/lock_core.c.obj
 .ARM.attributes
                0x0000000000000338       0x32 CMakeFiles/pico8system.dir/home/andreas/pico-sdk/src/common/pico_sync/mutex.c.obj
 .ARM.attributes
                0x000000000000036a       0x32 CMakeFiles/pico8system.dir/home/andreas/pico-sdk/src/common/pico_util/pheap.c.obj
 .ARM.attributes
                0x000000000000039c       0x32 CMakeFiles/pico8system.dir/home/andreas/pico-sdk/src/rp2_common/pico_runtime/runtime.c.obj
 .ARM.attributes
                0x00000000000003ce       0x32 CMakeFiles/pico8system.dir/home/andreas/pico-sdk/src/rp2_common/hardware_clocks/clocks.c.obj
 .ARM.attributes
                0x0000000000000400       0x32 CMakeFiles/pico8system.dir/home/andreas/pico-sdk/src/rp2_common/hardware_irq/irq.c.obj
 .ARM.attributes
                0x0000000000000432       0x22 CMakeFiles/pico8system.dir/home/andreas/pico-sdk/src/rp2_common/hardware_irq/irq_handler_chain.S.obj
 .ARM.attributes
                0x0000000000000454       0x32 CMakeFiles/pico8system.dir/home/andreas/pico-sdk/src/rp2_common/hardware_pll/pll.c.obj
 .ARM.attributes
                0x0000000000000486       0x32 CMakeFiles/pico8system.dir/home/andreas/pico-sdk/src/rp2_common/hardware_vreg/vreg.c.obj
 .ARM.attributes
                0x00000000000004b8       0x32 CMakeFiles/pico8system.dir/home/andreas/pico-sdk/src/rp2_common/hardware_watchdog/watchdog.c.obj
 .ARM.attributes
                0x00000000000004ea       0x32 CMakeFiles/pico8system.dir/home/andreas/pico-sdk/src/rp2_common/hardware_xosc/xosc.c.obj
 .ARM.attributes
                0x000000000000051c       0x32 CMakeFiles/pico8system.dir/home/andreas/pico-sdk/src/rp2_common/pico_printf/printf.c.obj
 .ARM.attributes
                0x000000000000054e       0x22 CMakeFiles/pico8system.dir/home/andreas/pico-sdk/src/rp2_common/pico_bit_ops/bit_ops_aeabi.S.obj
 .ARM.attributes
                0x0000000000000570       0x32 CMakeFiles/pico8system.dir/home/andreas/pico-sdk/src/rp2_common/pico_bootrom/bootrom.c.obj
 .ARM.attributes
                0x00000000000005a2       0x22 CMakeFiles/pico8system.dir/home/andreas/pico-sdk/src/rp2_common/pico_divider/divider.S.obj
 .ARM.attributes
                0x00000000000005c4       0x22 CMakeFiles/pico8system.dir/home/andreas/pico-sdk/src/rp2_common/pico_double/double_aeabi.S.obj
 .ARM.attributes
                0x00000000000005e6       0x32 CMakeFiles/pico8system.dir/home/andreas/pico-sdk/src/rp2_common/pico_double/double_init_rom.c.obj
 .ARM.attributes
                0x0000000000000618       0x22 CMakeFiles/pico8system.dir/home/andreas/pico-sdk/src/rp2_common/pico_double/double_v1_rom_shim.S.obj
 .ARM.attributes
                0x000000000000063a       0x22 CMakeFiles/pico8system.dir/home/andreas/pico-sdk/src/rp2_common/pico_int64_ops/pico_int64_ops_aeabi.S.obj
 .ARM.attributes
                0x000000000000065c       0x22 CMakeFiles/pico8system.dir/home/andreas/pico-sdk/src/rp2_common/pico_float/float_aeabi.S.obj
 .ARM.attributes
                0x000000000000067e       0x32 CMakeFiles/pico8system.dir/home/andreas/pico-sdk/src/rp2_common/pico_float/float_init_rom.c.obj
 .ARM.attributes
                0x00000000000006b0       0x32 CMakeFiles/pico8system.dir/home/andreas/pico-sdk/src/rp2_common/pico_float/float_math.c.obj
 .ARM.attributes
                0x00000000000006e2       0x22 CMakeFiles/pico8system.dir/home/andreas/pico-sdk/src/rp2_common/pico_float/float_v1_rom_shim.S.obj
 .ARM.attributes
                0x0000000000000704       0x32 CMakeFiles/pico8system.dir/home/andreas/pico-sdk/src/rp2_common/pico_malloc/pico_malloc.c.obj
 .ARM.attributes
                0x0000000000000736       0x22 CMakeFiles/pico8system.dir/home/andreas/pico-sdk/src/rp2_common/pico_mem_ops/mem_ops_aeabi.S.obj
 .ARM.attributes
                0x0000000000000758       0x22 CMakeFiles/pico8system.dir/home/andreas/pico-sdk/src/rp2_common/pico_standard_link/crt0.S.obj
 .ARM.attributes
                0x000000000000077a       0x32 CMakeFiles/pico8system.dir/home/andreas/pico-sdk/src/rp2_common/pico_standard_link/new_delete.cpp.obj
 .ARM.attributes
                0x00000000000007ac       0x32 CMakeFiles/pico8system.dir/home/andreas/pico-sdk/src/rp2_common/pico_standard_link/binary_info.c.obj
 .ARM.attributes
                0x00000000000007de       0x32 CMakeFiles/pico8system.dir/home/andreas/pico-sdk/src/rp2_common/pico_stdio/stdio.c.obj
 .ARM.attributes
                0x0000000000000810       0x32 CMakeFiles/pico8system.dir/home/andreas/pico-sdk/src/rp2_common/hardware_pio/pio.c.obj
 .ARM.attributes
                0x0000000000000842       0x32 CMakeFiles/pico8system.dir/home/andreas/pico-sdk/src/rp2_common/hardware_spi/spi.c.obj
 .ARM.attributes
                0x0000000000000874       0x32 CMakeFiles/pico8system.dir/home/andreas/pico-sdk/src/rp2_common/hardware_adc/adc.c.obj
 .ARM.attributes
                0x00000000000008a6       0x22 /tmp/cczNArTT.o
 .ARM.attributes
                0x00000000000008c8       0x2c /usr/lib/gcc/arm-none-eabi/7.3.1/../../../arm-none-eabi/lib/thumb/v6-m/libstdc++.a(eh_alloc.o)
 .ARM.attributes
                0x00000000000008f4       0x1e /usr/lib/gcc/arm-none-eabi/7.3.1/thumb/v6-m/libgcc.a(_dvmd_tls.o)
 .ARM.attributes
                0x0000000000000912       0x2c /usr/lib/gcc/arm-none-eabi/7.3.1/../../../arm-none-eabi/lib/thumb/v6-m/libc.a(lib_a-impure.o)
 .ARM.attributes
                0x000000000000093e       0x2c /usr/lib/gcc/arm-none-eabi/7.3.1/../../../arm-none-eabi/lib/thumb/v6-m/libc.a(lib_a-malloc.o)
 .ARM.attributes
                0x000000000000096a       0x2c /usr/lib/gcc/arm-none-eabi/7.3.1/../../../arm-none-eabi/lib/thumb/v6-m/libc.a(lib_a-mallocr.o)
 .ARM.attributes
                0x0000000000000996       0x2c /usr/lib/gcc/arm-none-eabi/7.3.1/../../../arm-none-eabi/lib/thumb/v6-m/libc.a(lib_a-mlock.o)
 .ARM.attributes
                0x00000000000009c2       0x2c /usr/lib/gcc/arm-none-eabi/7.3.1/../../../arm-none-eabi/lib/thumb/v6-m/libc.a(lib_a-rand.o)
 .ARM.attributes
                0x00000000000009ee       0x2c /usr/lib/gcc/arm-none-eabi/7.3.1/../../../arm-none-eabi/lib/thumb/v6-m/libc.a(lib_a-reent.o)
 .ARM.attributes
                0x0000000000000a1a       0x2c /usr/lib/gcc/arm-none-eabi/7.3.1/../../../arm-none-eabi/lib/thumb/v6-m/libc.a(lib_a-sbrkr.o)
 .ARM.attributes
                0x0000000000000a46       0x2c /usr/lib/gcc/arm-none-eabi/7.3.1/../../../arm-none-eabi/lib/thumb/v6-m/libc.a(lib_a-strlen-stub.o)
 .ARM.attributes
                0x0000000000000a72       0x2c /usr/lib/gcc/arm-none-eabi/7.3.1/../../../arm-none-eabi/lib/thumb/v6-m/libc.a(lib_a-freer.o)
 .ARM.attributes
                0x0000000000000a9e       0x2c /usr/lib/gcc/arm-none-eabi/7.3.1/thumb/v6-m/crtend.o

.comment        0x0000000000000000       0xae
 .comment       0x0000000000000000       0x57 /usr/lib/gcc/arm-none-eabi/7.3.1/thumb/v6-m/crtbegin.o
                                         0x58 (size before relaxing)
 .comment       0x0000000000000057       0x58 CMakeFiles/pico8system.dir/main.cpp.obj
 .comment       0x0000000000000057       0x58 CMakeFiles/pico8system.dir/home/andreas/picosystem/libraries/picosystem.cpp.obj
 .comment       0x0000000000000057       0x58 CMakeFiles/pico8system.dir/home/andreas/picosystem/libraries/blend.cpp.obj
 .comment       0x0000000000000057       0x58 CMakeFiles/pico8system.dir/home/andreas/picosystem/libraries/audio.cpp.obj
 .comment       0x0000000000000057       0x58 CMakeFiles/pico8system.dir/home/andreas/picosystem/libraries/state.cpp.obj
 .comment       0x0000000000000057       0x58 CMakeFiles/pico8system.dir/home/andreas/picosystem/libraries/utility.cpp.obj
 .comment       0x0000000000000057       0x58 CMakeFiles/pico8system.dir/home/andreas/picosystem/libraries/hardware.cpp.obj
 .comment       0x0000000000000057       0x58 CMakeFiles/pico8system.dir/home/andreas/pico-sdk/src/rp2_common/pico_stdlib/stdlib.c.obj
 .comment       0x0000000000000057       0x58 CMakeFiles/pico8system.dir/home/andreas/pico-sdk/src/rp2_common/hardware_gpio/gpio.c.obj
 .comment       0x0000000000000057       0x58 CMakeFiles/pico8system.dir/home/andreas/pico-sdk/src/rp2_common/hardware_claim/claim.c.obj
 .comment       0x0000000000000057       0x58 CMakeFiles/pico8system.dir/home/andreas/pico-sdk/src/rp2_common/pico_platform/platform.c.obj
 .comment       0x0000000000000057       0x58 CMakeFiles/pico8system.dir/home/andreas/pico-sdk/src/rp2_common/hardware_sync/sync.c.obj
 .comment       0x0000000000000057       0x58 CMakeFiles/pico8system.dir/home/andreas/pico-sdk/src/common/pico_time/time.c.obj
 .comment       0x0000000000000057       0x58 CMakeFiles/pico8system.dir/home/andreas/pico-sdk/src/rp2_common/hardware_timer/timer.c.obj
 .comment       0x0000000000000057       0x58 CMakeFiles/pico8system.dir/home/andreas/pico-sdk/src/common/pico_sync/lock_core.c.obj
 .comment       0x0000000000000057       0x58 CMakeFiles/pico8system.dir/home/andreas/pico-sdk/src/common/pico_sync/mutex.c.obj
 .comment       0x0000000000000057       0x58 CMakeFiles/pico8system.dir/home/andreas/pico-sdk/src/common/pico_util/pheap.c.obj
 .comment       0x0000000000000057       0x58 CMakeFiles/pico8system.dir/home/andreas/pico-sdk/src/rp2_common/pico_runtime/runtime.c.obj
 .comment       0x0000000000000057       0x58 CMakeFiles/pico8system.dir/home/andreas/pico-sdk/src/rp2_common/hardware_clocks/clocks.c.obj
 .comment       0x0000000000000057       0x58 CMakeFiles/pico8system.dir/home/andreas/pico-sdk/src/rp2_common/hardware_irq/irq.c.obj
 .comment       0x0000000000000057       0x58 CMakeFiles/pico8system.dir/home/andreas/pico-sdk/src/rp2_common/hardware_pll/pll.c.obj
 .comment       0x0000000000000057       0x58 CMakeFiles/pico8system.dir/home/andreas/pico-sdk/src/rp2_common/hardware_vreg/vreg.c.obj
 .comment       0x0000000000000057       0x58 CMakeFiles/pico8system.dir/home/andreas/pico-sdk/src/rp2_common/hardware_watchdog/watchdog.c.obj
 .comment       0x0000000000000057       0x58 CMakeFiles/pico8system.dir/home/andreas/pico-sdk/src/rp2_common/hardware_xosc/xosc.c.obj
 .comment       0x0000000000000057       0x58 CMakeFiles/pico8system.dir/home/andreas/pico-sdk/src/rp2_common/pico_printf/printf.c.obj
 .comment       0x0000000000000057       0x58 CMakeFiles/pico8system.dir/home/andreas/pico-sdk/src/rp2_common/pico_bootrom/bootrom.c.obj
 .comment       0x0000000000000057       0x58 CMakeFiles/pico8system.dir/home/andreas/pico-sdk/src/rp2_common/pico_double/double_init_rom.c.obj
 .comment       0x0000000000000057       0x58 CMakeFiles/pico8system.dir/home/andreas/pico-sdk/src/rp2_common/pico_float/float_init_rom.c.obj
 .comment       0x0000000000000057       0x58 CMakeFiles/pico8system.dir/home/andreas/pico-sdk/src/rp2_common/pico_float/float_math.c.obj
 .comment       0x0000000000000057       0x58 CMakeFiles/pico8system.dir/home/andreas/pico-sdk/src/rp2_common/pico_malloc/pico_malloc.c.obj
 .comment       0x0000000000000057       0x58 CMakeFiles/pico8system.dir/home/andreas/pico-sdk/src/rp2_common/pico_standard_link/new_delete.cpp.obj
 .comment       0x0000000000000057       0x58 CMakeFiles/pico8system.dir/home/andreas/pico-sdk/src/rp2_common/pico_standard_link/binary_info.c.obj
 .comment       0x0000000000000057       0x58 CMakeFiles/pico8system.dir/home/andreas/pico-sdk/src/rp2_common/pico_stdio/stdio.c.obj
 .comment       0x0000000000000057       0x58 CMakeFiles/pico8system.dir/home/andreas/pico-sdk/src/rp2_common/hardware_pio/pio.c.obj
 .comment       0x0000000000000057       0x58 CMakeFiles/pico8system.dir/home/andreas/pico-sdk/src/rp2_common/hardware_spi/spi.c.obj
 .comment       0x0000000000000057       0x58 CMakeFiles/pico8system.dir/home/andreas/pico-sdk/src/rp2_common/hardware_adc/adc.c.obj
 .comment       0x0000000000000057       0x57 /usr/lib/gcc/arm-none-eabi/7.3.1/../../../arm-none-eabi/lib/thumb/v6-m/libstdc++.a(eh_alloc.o)
                                         0x58 (size before relaxing)
 .comment       0x00000000000000ae       0x58 /usr/lib/gcc/arm-none-eabi/7.3.1/../../../arm-none-eabi/lib/thumb/v6-m/libc.a(lib_a-impure.o)
 .comment       0x00000000000000ae       0x58 /usr/lib/gcc/arm-none-eabi/7.3.1/../../../arm-none-eabi/lib/thumb/v6-m/libc.a(lib_a-malloc.o)
 .comment       0x00000000000000ae       0x58 /usr/lib/gcc/arm-none-eabi/7.3.1/../../../arm-none-eabi/lib/thumb/v6-m/libc.a(lib_a-mallocr.o)
 .comment       0x00000000000000ae       0x58 /usr/lib/gcc/arm-none-eabi/7.3.1/../../../arm-none-eabi/lib/thumb/v6-m/libc.a(lib_a-mlock.o)
 .comment       0x00000000000000ae       0x58 /usr/lib/gcc/arm-none-eabi/7.3.1/../../../arm-none-eabi/lib/thumb/v6-m/libc.a(lib_a-rand.o)
 .comment       0x00000000000000ae       0x58 /usr/lib/gcc/arm-none-eabi/7.3.1/../../../arm-none-eabi/lib/thumb/v6-m/libc.a(lib_a-reent.o)
 .comment       0x00000000000000ae       0x58 /usr/lib/gcc/arm-none-eabi/7.3.1/../../../arm-none-eabi/lib/thumb/v6-m/libc.a(lib_a-sbrkr.o)
 .comment       0x00000000000000ae       0x58 /usr/lib/gcc/arm-none-eabi/7.3.1/../../../arm-none-eabi/lib/thumb/v6-m/libc.a(lib_a-strlen-stub.o)
 .comment       0x00000000000000ae       0x58 /usr/lib/gcc/arm-none-eabi/7.3.1/../../../arm-none-eabi/lib/thumb/v6-m/libc.a(lib_a-freer.o)
 .comment       0x00000000000000ae       0x58 /usr/lib/gcc/arm-none-eabi/7.3.1/thumb/v6-m/crtend.o

.debug_info     0x0000000000000000     0x788b
 .debug_info    0x0000000000000000     0x1dfd /usr/lib/gcc/arm-none-eabi/7.3.1/../../../arm-none-eabi/lib/thumb/v6-m/libstdc++.a(eh_alloc.o)
 .debug_info    0x0000000000001dfd       0x26 /usr/lib/gcc/arm-none-eabi/7.3.1/thumb/v6-m/libgcc.a(_dvmd_tls.o)
 .debug_info    0x0000000000001e23      0x8a9 /usr/lib/gcc/arm-none-eabi/7.3.1/../../../arm-none-eabi/lib/thumb/v6-m/libc.a(lib_a-impure.o)
 .debug_info    0x00000000000026cc      0x926 /usr/lib/gcc/arm-none-eabi/7.3.1/../../../arm-none-eabi/lib/thumb/v6-m/libc.a(lib_a-malloc.o)
 .debug_info    0x0000000000002ff2      0xde7 /usr/lib/gcc/arm-none-eabi/7.3.1/../../../arm-none-eabi/lib/thumb/v6-m/libc.a(lib_a-mallocr.o)
 .debug_info    0x0000000000003dd9      0x8dc /usr/lib/gcc/arm-none-eabi/7.3.1/../../../arm-none-eabi/lib/thumb/v6-m/libc.a(lib_a-mlock.o)
 .debug_info    0x00000000000046b5      0x8ec /usr/lib/gcc/arm-none-eabi/7.3.1/../../../arm-none-eabi/lib/thumb/v6-m/libc.a(lib_a-rand.o)
 .debug_info    0x0000000000004fa1      0xa12 /usr/lib/gcc/arm-none-eabi/7.3.1/../../../arm-none-eabi/lib/thumb/v6-m/libc.a(lib_a-reent.o)
 .debug_info    0x00000000000059b3      0x95f /usr/lib/gcc/arm-none-eabi/7.3.1/../../../arm-none-eabi/lib/thumb/v6-m/libc.a(lib_a-sbrkr.o)
 .debug_info    0x0000000000006312      0x8e2 /usr/lib/gcc/arm-none-eabi/7.3.1/../../../arm-none-eabi/lib/thumb/v6-m/libc.a(lib_a-strlen-stub.o)